Archive member included to satisfy reference by file (symbol)

/opt/st/stm32cubeide_1.5.0/plugins/com.st.stm32cube.ide.mcu.externaltools.gnu-tools-for-stm32.7-2018-q2-update.linux64_1.5.0.202011040924/tools/bin/../lib/gcc/arm-none-eabi/7.3.1/../../../../arm-none-eabi/lib/thumb/v7-m/libstdc++_nano.a(del_ops.o)
                              Drivers/RF24/utility/STM32HAL/spi.o (operator delete(void*, unsigned int))
/opt/st/stm32cubeide_1.5.0/plugins/com.st.stm32cube.ide.mcu.externaltools.gnu-tools-for-stm32.7-2018-q2-update.linux64_1.5.0.202011040924/tools/bin/../lib/gcc/arm-none-eabi/7.3.1/../../../../arm-none-eabi/lib/thumb/v7-m/libstdc++_nano.a(del_op.o)
                              /opt/st/stm32cubeide_1.5.0/plugins/com.st.stm32cube.ide.mcu.externaltools.gnu-tools-for-stm32.7-2018-q2-update.linux64_1.5.0.202011040924/tools/bin/../lib/gcc/arm-none-eabi/7.3.1/../../../../arm-none-eabi/lib/thumb/v7-m/libstdc++_nano.a(del_ops.o) (operator delete(void*))
/opt/st/stm32cubeide_1.5.0/plugins/com.st.stm32cube.ide.mcu.externaltools.gnu-tools-for-stm32.7-2018-q2-update.linux64_1.5.0.202011040924/tools/bin/../lib/gcc/arm-none-eabi/7.3.1/../../../../arm-none-eabi/lib/thumb/v7-m/libc_nano.a(lib_a-errno.o)
                              Core/Src/syscalls.o (__errno)
/opt/st/stm32cubeide_1.5.0/plugins/com.st.stm32cube.ide.mcu.externaltools.gnu-tools-for-stm32.7-2018-q2-update.linux64_1.5.0.202011040924/tools/bin/../lib/gcc/arm-none-eabi/7.3.1/../../../../arm-none-eabi/lib/thumb/v7-m/libc_nano.a(lib_a-exit.o)
                              /opt/st/stm32cubeide_1.5.0/plugins/com.st.stm32cube.ide.mcu.externaltools.gnu-tools-for-stm32.7-2018-q2-update.linux64_1.5.0.202011040924/tools/bin/../lib/gcc/arm-none-eabi/7.3.1/../../../../arm-none-eabi/lib/thumb/v7-m/crt0.o (exit)
/opt/st/stm32cubeide_1.5.0/plugins/com.st.stm32cube.ide.mcu.externaltools.gnu-tools-for-stm32.7-2018-q2-update.linux64_1.5.0.202011040924/tools/bin/../lib/gcc/arm-none-eabi/7.3.1/../../../../arm-none-eabi/lib/thumb/v7-m/libc_nano.a(lib_a-impure.o)
                              /opt/st/stm32cubeide_1.5.0/plugins/com.st.stm32cube.ide.mcu.externaltools.gnu-tools-for-stm32.7-2018-q2-update.linux64_1.5.0.202011040924/tools/bin/../lib/gcc/arm-none-eabi/7.3.1/../../../../arm-none-eabi/lib/thumb/v7-m/libc_nano.a(lib_a-exit.o) (_global_impure_ptr)
/opt/st/stm32cubeide_1.5.0/plugins/com.st.stm32cube.ide.mcu.externaltools.gnu-tools-for-stm32.7-2018-q2-update.linux64_1.5.0.202011040924/tools/bin/../lib/gcc/arm-none-eabi/7.3.1/../../../../arm-none-eabi/lib/thumb/v7-m/libc_nano.a(lib_a-init.o)
                              /opt/st/stm32cubeide_1.5.0/plugins/com.st.stm32cube.ide.mcu.externaltools.gnu-tools-for-stm32.7-2018-q2-update.linux64_1.5.0.202011040924/tools/bin/../lib/gcc/arm-none-eabi/7.3.1/../../../../arm-none-eabi/lib/thumb/v7-m/crt0.o (__libc_init_array)
/opt/st/stm32cubeide_1.5.0/plugins/com.st.stm32cube.ide.mcu.externaltools.gnu-tools-for-stm32.7-2018-q2-update.linux64_1.5.0.202011040924/tools/bin/../lib/gcc/arm-none-eabi/7.3.1/../../../../arm-none-eabi/lib/thumb/v7-m/libc_nano.a(lib_a-malloc.o)
                              /opt/st/stm32cubeide_1.5.0/plugins/com.st.stm32cube.ide.mcu.externaltools.gnu-tools-for-stm32.7-2018-q2-update.linux64_1.5.0.202011040924/tools/bin/../lib/gcc/arm-none-eabi/7.3.1/../../../../arm-none-eabi/lib/thumb/v7-m/libstdc++_nano.a(del_op.o) (free)
/opt/st/stm32cubeide_1.5.0/plugins/com.st.stm32cube.ide.mcu.externaltools.gnu-tools-for-stm32.7-2018-q2-update.linux64_1.5.0.202011040924/tools/bin/../lib/gcc/arm-none-eabi/7.3.1/../../../../arm-none-eabi/lib/thumb/v7-m/libc_nano.a(lib_a-memcpy-stub.o)
                              Drivers/RF24/RF24.o (memcpy)
/opt/st/stm32cubeide_1.5.0/plugins/com.st.stm32cube.ide.mcu.externaltools.gnu-tools-for-stm32.7-2018-q2-update.linux64_1.5.0.202011040924/tools/bin/../lib/gcc/arm-none-eabi/7.3.1/../../../../arm-none-eabi/lib/thumb/v7-m/libc_nano.a(lib_a-memset.o)
                              /opt/st/stm32cubeide_1.5.0/plugins/com.st.stm32cube.ide.mcu.externaltools.gnu-tools-for-stm32.7-2018-q2-update.linux64_1.5.0.202011040924/tools/bin/../lib/gcc/arm-none-eabi/7.3.1/../../../../arm-none-eabi/lib/thumb/v7-m/crt0.o (memset)
/opt/st/stm32cubeide_1.5.0/plugins/com.st.stm32cube.ide.mcu.externaltools.gnu-tools-for-stm32.7-2018-q2-update.linux64_1.5.0.202011040924/tools/bin/../lib/gcc/arm-none-eabi/7.3.1/../../../../arm-none-eabi/lib/thumb/v7-m/libc_nano.a(lib_a-nano-freer.o)
                              /opt/st/stm32cubeide_1.5.0/plugins/com.st.stm32cube.ide.mcu.externaltools.gnu-tools-for-stm32.7-2018-q2-update.linux64_1.5.0.202011040924/tools/bin/../lib/gcc/arm-none-eabi/7.3.1/../../../../arm-none-eabi/lib/thumb/v7-m/libc_nano.a(lib_a-malloc.o) (_free_r)
[...]
Memory Configuration

Name             Origin             Length             Attributes
RAM              0x0000000020000000 0x0000000000005000 xrw
FLASH            0x0000000008000000 0x0000000000010000 xr
*default*        0x0000000000000000 0xffffffffffffffff

Linker script and memory map

LOAD /opt/st/stm32cubeide_1.5.0/plugins/com.st.stm32cube.ide.mcu.externaltools.gnu-tools-for-stm32.7-2018-q2-update.linux64_1.5.0.202011040924/tools/bin/../lib/gcc/arm-none-eabi/7.3.1/thumb/v7-m/crti.o
LOAD /opt/st/stm32cubeide_1.5.0/plugins/com.st.stm32cube.ide.mcu.externaltools.gnu-tools-for-stm32.7-2018-q2-update.linux64_1.5.0.202011040924/tools/bin/../lib/gcc/arm-none-eabi/7.3.1/thumb/v7-m/crtbegin.o
LOAD /opt/st/stm32cubeide_1.5.0/plugins/com.st.stm32cube.ide.mcu.externaltools.gnu-tools-for-stm32.7-2018-q2-update.linux64_1.5.0.202011040924/tools/bin/../lib/gcc/arm-none-eabi/7.3.1/../../../../arm-none-eabi/lib/thumb/v7-m/crt0.o
LOAD Core/Src/Scanner.o
LOAD Core/Src/main.o
LOAD Core/Src/stm32f1xx_hal_msp.o
LOAD Core/Src/stm32f1xx_it.o
LOAD Core/Src/syscalls.o
LOAD Core/Src/sysmem.o
LOAD Core/Src/system_stm32f1xx.o
LOAD Core/Startup/startup_stm32f103c8tx.o
LOAD Drivers/RF24/RF24.o
LOAD Drivers/RF24/utility/STM32HAL/spi.o
LOAD Drivers/STM32F1xx_HAL_Driver/Src/stm32f1xx_hal.o
LOAD Drivers/STM32F1xx_HAL_Driver/Src/stm32f1xx_hal_cortex.o
LOAD Drivers/STM32F1xx_HAL_Driver/Src/stm32f1xx_hal_dma.o
LOAD Drivers/STM32F1xx_HAL_Driver/Src/stm32f1xx_hal_exti.o
LOAD Drivers/STM32F1xx_HAL_Driver/Src/stm32f1xx_hal_flash.o
LOAD Drivers/STM32F1xx_HAL_Driver/Src/stm32f1xx_hal_flash_ex.o
LOAD Drivers/STM32F1xx_HAL_Driver/Src/stm32f1xx_hal_gpio.o
LOAD Drivers/STM32F1xx_HAL_Driver/Src/stm32f1xx_hal_gpio_ex.o
LOAD Drivers/STM32F1xx_HAL_Driver/Src/stm32f1xx_hal_pcd.o
LOAD Drivers/STM32F1xx_HAL_Driver/Src/stm32f1xx_hal_pcd_ex.o
LOAD Drivers/STM32F1xx_HAL_Driver/Src/stm32f1xx_hal_pwr.o
LOAD Drivers/STM32F1xx_HAL_Driver/Src/stm32f1xx_hal_rcc.o
LOAD Drivers/STM32F1xx_HAL_Driver/Src/stm32f1xx_hal_rcc_ex.o
LOAD Drivers/STM32F1xx_HAL_Driver/Src/stm32f1xx_hal_spi.o
LOAD Drivers/STM32F1xx_HAL_Driver/Src/stm32f1xx_hal_tim.o
LOAD Drivers/STM32F1xx_HAL_Driver/Src/stm32f1xx_hal_tim_ex.o
LOAD Drivers/STM32F1xx_HAL_Driver/Src/stm32f1xx_ll_usb.o
LOAD Drivers/TFT-ST7735/fonts.o
LOAD Drivers/TFT-ST7735/st7735.o
LOAD Drivers/hal_ardu.o
LOAD Middlewares/ST/STM32_USB_Device_Library/Class/CDC/Src/usbd_cdc.o
LOAD Middlewares/ST/STM32_USB_Device_Library/Core/Src/usbd_core.o
LOAD Middlewares/ST/STM32_USB_Device_Library/Core/Src/usbd_ctlreq.o
LOAD Middlewares/ST/STM32_USB_Device_Library/Core/Src/usbd_ioreq.o
LOAD USB_DEVICE/App/usb_device.o
LOAD USB_DEVICE/App/usbd_cdc_if.o
LOAD USB_DEVICE/App/usbd_desc.o
LOAD USB_DEVICE/Target/usbd_conf.o
START GROUP
LOAD /opt/st/stm32cubeide_1.5.0/plugins/com.st.stm32cube.ide.mcu.externaltools.gnu-tools-for-stm32.7-2018-q2-update.linux64_1.5.0.202011040924/tools/bin/../lib/gcc/arm-none-eabi/7.3.1/../../../../arm-none-eabi/lib/thumb/v7-m/libstdc++_nano.a
LOAD /opt/st/stm32cubeide_1.5.0/plugins/com.st.stm32cube.ide.mcu.externaltools.gnu-tools-for-stm32.7-2018-q2-update.linux64_1.5.0.202011040924/tools/bin/../lib/gcc/arm-none-eabi/7.3.1/../../../../arm-none-eabi/lib/thumb/v7-m/libsupc++_nano.a
END GROUP
LOAD /opt/st/stm32cubeide_1.5.0/plugins/com.st.stm32cube.ide.mcu.externaltools.gnu-tools-for-stm32.7-2018-q2-update.linux64_1.5.0.202011040924/tools/bin/../lib/gcc/arm-none-eabi/7.3.1/../../../../arm-none-eabi/lib/thumb/v7-m/libstdc++_nano.a
LOAD /opt/st/stm32cubeide_1.5.0/plugins/com.st.stm32cube.ide.mcu.externaltools.gnu-tools-for-stm32.7-2018-q2-update.linux64_1.5.0.202011040924/tools/bin/../lib/gcc/arm-none-eabi/7.3.1/../../../../arm-none-eabi/lib/thumb/v7-m/libm.a
LOAD /opt/st/stm32cubeide_1.5.0/plugins/com.st.stm32cube.ide.mcu.externaltools.gnu-tools-for-stm32.7-2018-q2-update.linux64_1.5.0.202011040924/tools/bin/../lib/gcc/arm-none-eabi/7.3.1/../../../../arm-none-eabi/lib/thumb/v7-m/libc_nano.a
START GROUP
LOAD /opt/st/stm32cubeide_1.5.0/plugins/com.st.stm32cube.ide.mcu.externaltools.gnu-tools-for-stm32.7-2018-q2-update.linux64_1.5.0.202011040924/tools/bin/../lib/gcc/arm-none-eabi/7.3.1/thumb/v7-m/libgcc.a
LOAD /opt/st/stm32cubeide_1.5.0/plugins/com.st.stm32cube.ide.mcu.externaltools.gnu-tools-for-stm32.7-2018-q2-update.linux64_1.5.0.202011040924/tools/bin/../lib/gcc/arm-none-eabi/7.3.1/../../../../arm-none-eabi/lib/thumb/v7-m/libc_nano.a
END GROUP
START GROUP
LOAD /opt/st/stm32cubeide_1.5.0/plugins/com.st.stm32cube.ide.mcu.externaltools.gnu-tools-for-stm32.7-2018-q2-update.linux64_1.5.0.202011040924/tools/bin/../lib/gcc/arm-none-eabi/7.3.1/thumb/v7-m/libgcc.a
LOAD /opt/st/stm32cubeide_1.5.0/plugins/com.st.stm32cube.ide.mcu.externaltools.gnu-tools-for-stm32.7-2018-q2-update.linux64_1.5.0.202011040924/tools/bin/../lib/gcc/arm-none-eabi/7.3.1/../../../../arm-none-eabi/lib/thumb/v7-m/libc_nano.a
LOAD /opt/st/stm32cubeide_1.5.0/plugins/com.st.stm32cube.ide.mcu.externaltools.gnu-tools-for-stm32.7-2018-q2-update.linux64_1.5.0.202011040924/tools/bin/../lib/gcc/arm-none-eabi/7.3.1/../../../../arm-none-eabi/lib/thumb/v7-m/libnosys.a
END GROUP
START GROUP
LOAD /opt/st/stm32cubeide_1.5.0/plugins/com.st.stm32cube.ide.mcu.externaltools.gnu-tools-for-stm32.7-2018-q2-update.linux64_1.5.0.202011040924/tools/bin/../lib/gcc/arm-none-eabi/7.3.1/thumb/v7-m/libgcc.a
LOAD /opt/st/stm32cubeide_1.5.0/plugins/com.st.stm32cube.ide.mcu.externaltools.gnu-tools-for-stm32.7-2018-q2-update.linux64_1.5.0.202011040924/tools/bin/../lib/gcc/arm-none-eabi/7.3.1/../../../../arm-none-eabi/lib/thumb/v7-m/libc_nano.a
LOAD /opt/st/stm32cubeide_1.5.0/plugins/com.st.stm32cube.ide.mcu.externaltools.gnu-tools-for-stm32.7-2018-q2-update.linux64_1.5.0.202011040924/tools/bin/../lib/gcc/arm-none-eabi/7.3.1/../../../../arm-none-eabi/lib/thumb/v7-m/libnosys.a
END GROUP
LOAD /opt/st/stm32cubeide_1.5.0/plugins/com.st.stm32cube.ide.mcu.externaltools.gnu-tools-for-stm32.7-2018-q2-update.linux64_1.5.0.202011040924/tools/bin/../lib/gcc/arm-none-eabi/7.3.1/thumb/v7-m/crtend.o
LOAD /opt/st/stm32cubeide_1.5.0/plugins/com.st.stm32cube.ide.mcu.externaltools.gnu-tools-for-stm32.7-2018-q2-update.linux64_1.5.0.202011040924/tools/bin/../lib/gcc/arm-none-eabi/7.3.1/thumb/v7-m/crtn.o
                0x0000000020005000                _estack = (ORIGIN (RAM) + LENGTH (RAM))
                0x0000000000000200                _Min_Heap_Size = 0x200
                0x0000000000000400                _Min_Stack_Size = 0x400

.isr_vector     0x0000000008000000      0x10c
                0x0000000008000000                . = ALIGN (0x4)
 *(.isr_vector)
 .isr_vector    0x0000000008000000      0x10c Core/Startup/startup_stm32f103c8tx.o
                0x0000000008000000                g_pfnVectors
                0x000000000800010c                . = ALIGN (0x4)

.text           0x0000000008000110     0x5390
                0x0000000008000110                . = ALIGN (0x4)
 *(.text)
 .text          0x0000000008000110       0x40 /opt/st/stm32cubeide_1.5.0/plugins/com.st.stm32cube.ide.mcu.externaltools.gnu-tools-for-stm32.7-2018-q2-update.linux64_1.5.0.202011040924/tools/bin/../lib/gcc/arm-none-eabi/7.3.1/thumb/v7-m/crtbegin.o
 .text          0x0000000008000150      0x378 /opt/st/stm32cubeide_1.5.0/plugins/com.st.stm32cube.ide.mcu.externaltools.gnu-tools-for-stm32.7-2018-q2-update.linux64_1.5.0.202011040924/tools/bin/../lib/gcc/arm-none-eabi/7.3.1/thumb/v7-m/libgcc.a(_arm_addsubdf3.o)
                0x0000000008000150                __aeabi_drsub
                0x0000000008000158                __aeabi_dsub
                0x0000000008000158                __subdf3
                0x000000000800015c                __adddf3
                0x000000000800015c                __aeabi_dadd
                0x00000000080003d4                __aeabi_ui2d
                0x00000000080003d4                __floatunsidf
                0x00000000080003f4                __floatsidf
                0x00000000080003f4                __aeabi_i2d
                0x0000000008000418                __extendsfdf2
                0x0000000008000418                __aeabi_f2d
                0x000000000800045c                __aeabi_ul2d
                0x000000000800045c                __floatundidf
                0x000000000800046c                __floatdidf
                0x000000000800046c                __aeabi_l2d
 .text          0x00000000080004c8      0x424 /opt/st/stm32cubeide_1.5.0/plugins/com.st.stm32cube.ide.mcu.externaltools.gnu-tools-for-stm32.7-2018-q2-update.linux64_1.5.0.202011040924/tools/bin/../lib/gcc/arm-none-eabi/7.3.1/thumb/v7-m/libgcc.a(_arm_muldivdf3.o)
                0x00000000080004c8                __aeabi_dmul
                0x00000000080004c8                __muldf3
                0x000000000800071c                __aeabi_ddiv
                0x000000000800071c                __divdf3
 .text          0x00000000080008ec       0x50 /opt/st/stm32cubeide_1.5.0/plugins/com.st.stm32cube.ide.mcu.externaltools.gnu-tools-for-stm32.7-2018-q2-update.linux64_1.5.0.202011040924/tools/bin/../lib/gcc/arm-none-eabi/7.3.1/thumb/v7-m/libgcc.a(_arm_fixdfsi.o)
                0x00000000080008ec                __fixdfsi
                0x00000000080008ec                __aeabi_d2iz
 .text          0x000000000800093c       0x40 /opt/st/stm32cubeide_1.5.0/plugins/com.st.stm32cube.ide.mcu.externaltools.gnu-tools-for-stm32.7-2018-q2-update.linux64_1.5.0.202011040924/tools/bin/../lib/gcc/arm-none-eabi/7.3.1/thumb/v7-m/libgcc.a(_arm_fixunsdfsi.o)
                0x000000000800093c                __fixunsdfsi
                0x000000000800093c                __aeabi_d2uiz
 *(.text*)
 .text._Z10setupScannv
                0x000000000800097c      0x11c Core/Src/Scanner.o
                0x000000000800097c                setupScann()
 .text._Z9loopScannv
                0x0000000008000a98      0x16c Core/Src/Scanner.o
                0x0000000008000a98                loopScann()
 .text._GLOBAL__sub_I_p_setupScann
                0x0000000008000c04       0x14 Core/Src/Scanner.o
 .text._GLOBAL__sub_D_p_setupScann
                0x0000000008000c18       0x10 Core/Src/Scanner.o
 .text.SystemClock_Config
                0x0000000008000c28       0x7e Core/Src/main.o
                0x0000000008000c28                SystemClock_Config
 *fill*         0x0000000008000ca6        0x2 
 .text.main     0x0000000008000ca8      0x198 Core/Src/main.o
                0x0000000008000ca8                main
 .text.Error_Handler
                0x0000000008000e40        0x4 Core/Src/main.o
                0x0000000008000e40                Error_Handler
 .text.HAL_MspInit
                0x0000000008000e44       0x44 Core/Src/stm32f1xx_hal_msp.o
                0x0000000008000e44                HAL_MspInit
 .text.HAL_SPI_MspInit
                0x0000000008000e88       0xd4 Core/Src/stm32f1xx_hal_msp.o
                0x0000000008000e88                HAL_SPI_MspInit
 .text.NMI_Handler
                0x0000000008000f5c        0x2 Core/Src/stm32f1xx_it.o
                0x0000000008000f5c                NMI_Handler
 .text.HardFault_Handler
                0x0000000008000f5e        0x2 Core/Src/stm32f1xx_it.o
                0x0000000008000f5e                HardFault_Handler
 .text.MemManage_Handler
                0x0000000008000f60        0x2 Core/Src/stm32f1xx_it.o
                0x0000000008000f60                MemManage_Handler
 .text.BusFault_Handler
                0x0000000008000f62        0x2 Core/Src/stm32f1xx_it.o
                0x0000000008000f62                BusFault_Handler
 .text.UsageFault_Handler
                0x0000000008000f64        0x2 Core/Src/stm32f1xx_it.o
                0x0000000008000f64                UsageFault_Handler
 .text.SVC_Handler
                0x0000000008000f66        0x2 Core/Src/stm32f1xx_it.o
                0x0000000008000f66                SVC_Handler
 .text.DebugMon_Handler
                0x0000000008000f68        0x2 Core/Src/stm32f1xx_it.o
                0x0000000008000f68                DebugMon_Handler
 .text.PendSV_Handler
                0x0000000008000f6a        0x2 Core/Src/stm32f1xx_it.o
                0x0000000008000f6a                PendSV_Handler
 .text.SysTick_Handler
                0x0000000008000f6c        0x8 Core/Src/stm32f1xx_it.o
                0x0000000008000f6c                SysTick_Handler
 .text.USB_LP_CAN1_RX0_IRQHandler
                0x0000000008000f74       0x10 Core/Src/stm32f1xx_it.o
                0x0000000008000f74                USB_LP_CAN1_RX0_IRQHandler
 .text.SystemInit
                0x0000000008000f84        0x2 Core/Src/system_stm32f1xx.o
                0x0000000008000f84                SystemInit
 *fill*         0x0000000008000f86        0x2 
 .text.Reset_Handler
                0x0000000008000f88       0x48 Core/Startup/startup_stm32f103c8tx.o
                0x0000000008000f88                Reset_Handler
 .text.Default_Handler
                0x0000000008000fd0        0x2 Core/Startup/startup_stm32f103c8tx.o
                0x0000000008000fd0                RTC_Alarm_IRQHandler
                0x0000000008000fd0                EXTI2_IRQHandler
                0x0000000008000fd0                TIM1_CC_IRQHandler
                0x0000000008000fd0                PVD_IRQHandler
                0x0000000008000fd0                EXTI3_IRQHandler
                0x0000000008000fd0                EXTI0_IRQHandler
                0x0000000008000fd0                I2C2_EV_IRQHandler
                0x0000000008000fd0                ADC1_2_IRQHandler
                0x0000000008000fd0                SPI1_IRQHandler
                0x0000000008000fd0                TAMPER_IRQHandler
                0x0000000008000fd0                DMA1_Channel4_IRQHandler
                0x0000000008000fd0                USART3_IRQHandler
                0x0000000008000fd0                RTC_IRQHandler
                0x0000000008000fd0                DMA1_Channel7_IRQHandler
                0x0000000008000fd0                CAN1_RX1_IRQHandler
                0x0000000008000fd0                TIM4_IRQHandler
                0x0000000008000fd0                I2C1_EV_IRQHandler
                0x0000000008000fd0                DMA1_Channel6_IRQHandler
                0x0000000008000fd0                TIM3_IRQHandler
                0x0000000008000fd0                RCC_IRQHandler
                0x0000000008000fd0                TIM1_TRG_COM_IRQHandler
                0x0000000008000fd0                DMA1_Channel1_IRQHandler
                0x0000000008000fd0                Default_Handler
                0x0000000008000fd0                EXTI15_10_IRQHandler
                0x0000000008000fd0                EXTI9_5_IRQHandler
                0x0000000008000fd0                SPI2_IRQHandler
                0x0000000008000fd0                DMA1_Channel5_IRQHandler
                0x0000000008000fd0                EXTI4_IRQHandler
                0x0000000008000fd0                USB_HP_CAN1_TX_IRQHandler
                0x0000000008000fd0                DMA1_Channel3_IRQHandler
                0x0000000008000fd0                TIM1_UP_IRQHandler
                0x0000000008000fd0                WWDG_IRQHandler
                0x0000000008000fd0                TIM2_IRQHandler
                0x0000000008000fd0                TIM1_BRK_IRQHandler
                0x0000000008000fd0                EXTI1_IRQHandler
                0x0000000008000fd0                USART2_IRQHandler
                0x0000000008000fd0                I2C2_ER_IRQHandler
                0x0000000008000fd0                DMA1_Channel2_IRQHandler
                0x0000000008000fd0                CAN1_SCE_IRQHandler
                0x0000000008000fd0                FLASH_IRQHandler
                0x0000000008000fd0                USART1_IRQHandler
                0x0000000008000fd0                I2C1_ER_IRQHandler
                0x0000000008000fd0                USBWakeUp_IRQHandler
 .text._ZN4RF243csnEb
                0x0000000008000fd2       0x10 Drivers/RF24/RF24.o
                0x0000000008000fd2                RF24::csn(bool)
 .text._ZN4RF242ceEb
                0x0000000008000fe2       0x12 Drivers/RF24/RF24.o
                0x0000000008000fe2                RF24::ce(bool)
 .text._ZN4RF2413read_registerEh
                0x0000000008000ff4       0x54 Drivers/RF24/RF24.o
                0x0000000008000ff4                RF24::read_register(unsigned char)
 .text._ZN4RF2414write_registerEhPKhh
                0x0000000008001048       0x78 Drivers/RF24/RF24.o
                0x0000000008001048                RF24::write_register(unsigned char, unsigned char const*, unsigned char)
 .text._ZN4RF2414write_registerEhh
                0x00000000080010c0       0x5c Drivers/RF24/RF24.o
                0x00000000080010c0                RF24::write_register(unsigned char, unsigned char)
 .text._ZN4RF248spiTransEh
                0x000000000800111c       0x38 Drivers/RF24/RF24.o
                0x000000000800111c                RF24::spiTrans(unsigned char)
 .text._ZN4RF248flush_rxEv
                0x0000000008001154        0xa Drivers/RF24/RF24.o
                0x0000000008001154                RF24::flush_rx()
 .text._ZN4RF248flush_txEv
                0x000000000800115e        0xa Drivers/RF24/RF24.o
                0x000000000800115e                RF24::flush_tx()
 .text._ZN4RF24C2Ehh
                0x0000000008001168       0x24 Drivers/RF24/RF24.o
                0x0000000008001168                RF24::RF24(unsigned char, unsigned char)
                0x0000000008001168                RF24::RF24(unsigned char, unsigned char)
 .text._ZN4RF2410setChannelEh
                0x000000000800118c       0x12 Drivers/RF24/RF24.o
                0x000000000800118c                RF24::setChannel(unsigned char)
 .text._ZN4RF2413stopListeningEv
                0x000000000800119e       0x58 Drivers/RF24/RF24.o
                0x000000000800119e                RF24::stopListening()
 .text._ZN4RF247powerUpEv
                0x00000000080011f6       0x28 Drivers/RF24/RF24.o
                0x00000000080011f6                RF24::powerUp()
 *fill*         0x000000000800121e        0x2 
 .text._ZN4RF2416closeReadingPipeEh
                0x0000000008001220       0x28 Drivers/RF24/RF24.o
                0x0000000008001220                RF24::closeReadingPipe(unsigned char)
 .text._ZN4RF2414startListeningEv
                0x0000000008001248       0x64 Drivers/RF24/RF24.o
                0x0000000008001248                RF24::startListening()
 .text._ZN4RF2415toggle_featuresEv
                0x00000000080012ac       0x48 Drivers/RF24/RF24.o
                0x00000000080012ac                RF24::toggle_features()
 .text._ZN4RF2410setAutoAckEb
                0x00000000080012f4       0x18 Drivers/RF24/RF24.o
                0x00000000080012f4                RF24::setAutoAck(bool)
 .text._ZN4RF247testRPDEv
                0x000000000800130c        0xe Drivers/RF24/RF24.o
                0x000000000800130c                RF24::testRPD()
 .text._ZN4RF2411setDataRateE15rf24_datarate_e
                0x000000000800131a       0x4a Drivers/RF24/RF24.o
                0x000000000800131a                RF24::setDataRate(rf24_datarate_e)
 .text._ZN4RF245beginEv
                0x0000000008001364       0xb2 Drivers/RF24/RF24.o
                0x0000000008001364                RF24::begin()
 .text._ZN3SPID2Ev
                0x0000000008001416        0x2 Drivers/RF24/utility/STM32HAL/spi.o
                0x0000000008001416                SPI::~SPI()
                0x0000000008001416                SPI::~SPI()
 .text._ZN3SPID0Ev
                0x0000000008001418        0xe Drivers/RF24/utility/STM32HAL/spi.o
                0x0000000008001418                SPI::~SPI()
 *fill*         0x0000000008001426        0x2 
 .text._ZN3SPIC2Ev
                0x0000000008001428        0xc Drivers/RF24/utility/STM32HAL/spi.o
                0x0000000008001428                SPI::SPI()
                0x0000000008001428                SPI::SPI()
 .text._ZN3SPI5beginEv
                0x0000000008001434        0x2 Drivers/RF24/utility/STM32HAL/spi.o
                0x0000000008001434                SPI::begin()
 *fill*         0x0000000008001436        0x2 
 .text.HAL_InitTick
                0x0000000008001438       0x4c Drivers/STM32F1xx_HAL_Driver/Src/stm32f1xx_hal.o
                0x0000000008001438                HAL_InitTick
 .text.HAL_Init
                0x0000000008001484       0x24 Drivers/STM32F1xx_HAL_Driver/Src/stm32f1xx_hal.o
                0x0000000008001484                HAL_Init
 .text.HAL_IncTick
                0x00000000080014a8       0x18 Drivers/STM32F1xx_HAL_Driver/Src/stm32f1xx_hal.o
                0x00000000080014a8                HAL_IncTick
 .text.HAL_GetTick
                0x00000000080014c0        0xc Drivers/STM32F1xx_HAL_Driver/Src/stm32f1xx_hal.o
                0x00000000080014c0                HAL_GetTick
 .text.HAL_Delay
                0x00000000080014cc       0x28 Drivers/STM32F1xx_HAL_Driver/Src/stm32f1xx_hal.o
                0x00000000080014cc                HAL_Delay
 .text.HAL_NVIC_SetPriorityGrouping
                0x00000000080014f4       0x24 Drivers/STM32F1xx_HAL_Driver/Src/stm32f1xx_hal_cortex.o
                0x00000000080014f4                HAL_NVIC_SetPriorityGrouping
 .text.HAL_NVIC_SetPriority
                0x0000000008001518       0x64 Drivers/STM32F1xx_HAL_Driver/Src/stm32f1xx_hal_cortex.o
                0x0000000008001518                HAL_NVIC_SetPriority
 .text.HAL_NVIC_EnableIRQ
                0x000000000800157c       0x1c Drivers/STM32F1xx_HAL_Driver/Src/stm32f1xx_hal_cortex.o
                0x000000000800157c                HAL_NVIC_EnableIRQ
 .text.HAL_SYSTICK_Config
                0x0000000008001598       0x2c Drivers/STM32F1xx_HAL_Driver/Src/stm32f1xx_hal_cortex.o
                0x0000000008001598                HAL_SYSTICK_Config
 .text.HAL_GPIO_Init
                0x00000000080015c4      0x1ec Drivers/STM32F1xx_HAL_Driver/Src/stm32f1xx_hal_gpio.o
                0x00000000080015c4                HAL_GPIO_Init
 .text.HAL_GPIO_WritePin
                0x00000000080017b0        0xc Drivers/STM32F1xx_HAL_Driver/Src/stm32f1xx_hal_gpio.o
                0x00000000080017b0                HAL_GPIO_WritePin
 .text.HAL_GPIO_TogglePin
                0x00000000080017bc       0x12 Drivers/STM32F1xx_HAL_Driver/Src/stm32f1xx_hal_gpio.o
                0x00000000080017bc                HAL_GPIO_TogglePin
 .text.HAL_PCD_Init
                0x00000000080017ce       0xf2 Drivers/STM32F1xx_HAL_Driver/Src/stm32f1xx_hal_pcd.o
                0x00000000080017ce                HAL_PCD_Init
 .text.HAL_PCD_Start
                0x00000000080018c0       0x32 Drivers/STM32F1xx_HAL_Driver/Src/stm32f1xx_hal_pcd.o
                0x00000000080018c0                HAL_PCD_Start
 .text.HAL_PCD_SetAddress
                0x00000000080018f2       0x28 Drivers/STM32F1xx_HAL_Driver/Src/stm32f1xx_hal_pcd.o
                0x00000000080018f2                HAL_PCD_SetAddress
 .text.HAL_PCD_IRQHandler
                0x000000000800191a      0xa96 Drivers/STM32F1xx_HAL_Driver/Src/stm32f1xx_hal_pcd.o
                0x000000000800191a                HAL_PCD_IRQHandler
 .text.HAL_PCD_EP_Open
                0x00000000080023b0       0x74 Drivers/STM32F1xx_HAL_Driver/Src/stm32f1xx_hal_pcd.o
                0x00000000080023b0                HAL_PCD_EP_Open
 .text.HAL_PCD_EP_Close
                0x0000000008002424       0x62 Drivers/STM32F1xx_HAL_Driver/Src/stm32f1xx_hal_pcd.o
                0x0000000008002424                HAL_PCD_EP_Close
 .text.HAL_PCD_EP_Receive
                0x0000000008002486       0x38 Drivers/STM32F1xx_HAL_Driver/Src/stm32f1xx_hal_pcd.o
                0x0000000008002486                HAL_PCD_EP_Receive
 .text.HAL_PCD_EP_GetRxCount
                0x00000000080024be       0x12 Drivers/STM32F1xx_HAL_Driver/Src/stm32f1xx_hal_pcd.o
                0x00000000080024be                HAL_PCD_EP_GetRxCount
 .text.HAL_PCD_EP_Transmit
                0x00000000080024d0       0x3a Drivers/STM32F1xx_HAL_Driver/Src/stm32f1xx_hal_pcd.o
                0x00000000080024d0                HAL_PCD_EP_Transmit
 .text.HAL_PCD_EP_SetStall
                0x000000000800250a       0x76 Drivers/STM32F1xx_HAL_Driver/Src/stm32f1xx_hal_pcd.o
                0x000000000800250a                HAL_PCD_EP_SetStall
 .text.HAL_PCD_EP_ClrStall
                0x0000000008002580       0x74 Drivers/STM32F1xx_HAL_Driver/Src/stm32f1xx_hal_pcd.o
                0x0000000008002580                HAL_PCD_EP_ClrStall
 .text.HAL_PCDEx_PMAConfig
                0x00000000080025f4       0x38 Drivers/STM32F1xx_HAL_Driver/Src/stm32f1xx_hal_pcd_ex.o
                0x00000000080025f4                HAL_PCDEx_PMAConfig
 .text.HAL_RCC_OscConfig
                0x000000000800262c      0x430 Drivers/STM32F1xx_HAL_Driver/Src/stm32f1xx_hal_rcc.o
                0x000000000800262c                HAL_RCC_OscConfig
 .text.HAL_RCC_GetSysClockFreq
                0x0000000008002a5c       0x70 Drivers/STM32F1xx_HAL_Driver/Src/stm32f1xx_hal_rcc.o
                0x0000000008002a5c                HAL_RCC_GetSysClockFreq
 .text.HAL_RCC_ClockConfig
                0x0000000008002acc      0x170 Drivers/STM32F1xx_HAL_Driver/Src/stm32f1xx_hal_rcc.o
                0x0000000008002acc                HAL_RCC_ClockConfig
 .text.HAL_RCCEx_PeriphCLKConfig
                0x0000000008002c3c      0x120 Drivers/STM32F1xx_HAL_Driver/Src/stm32f1xx_hal_rcc_ex.o
                0x0000000008002c3c                HAL_RCCEx_PeriphCLKConfig
 .text.SPI_WaitFlagStateUntilTimeout
                0x0000000008002d5c       0xd8 Drivers/STM32F1xx_HAL_Driver/Src/stm32f1xx_hal_spi.o
 .text.SPI_EndRxTxTransaction
                0x0000000008002e34       0x28 Drivers/STM32F1xx_HAL_Driver/Src/stm32f1xx_hal_spi.o
 .text.HAL_SPI_Init
                0x0000000008002e5c       0xb6 Drivers/STM32F1xx_HAL_Driver/Src/stm32f1xx_hal_spi.o
                0x0000000008002e5c                HAL_SPI_Init
 .text.HAL_SPI_Transmit
                0x0000000008002f12      0x1a2 Drivers/STM32F1xx_HAL_Driver/Src/stm32f1xx_hal_spi.o
                0x0000000008002f12                HAL_SPI_Transmit
 .text.HAL_SPI_TransmitReceive
                0x00000000080030b4      0x236 Drivers/STM32F1xx_HAL_Driver/Src/stm32f1xx_hal_spi.o
                0x00000000080030b4                HAL_SPI_TransmitReceive
 .text.USB_CoreInit
                0x00000000080032ea        0xe Drivers/STM32F1xx_HAL_Driver/Src/stm32f1xx_ll_usb.o
                0x00000000080032ea                USB_CoreInit
 .text.USB_EnableGlobalInt
                0x00000000080032f8       0x12 Drivers/STM32F1xx_HAL_Driver/Src/stm32f1xx_ll_usb.o
                0x00000000080032f8                USB_EnableGlobalInt
 .text.USB_DisableGlobalInt
                0x000000000800330a       0x14 Drivers/STM32F1xx_HAL_Driver/Src/stm32f1xx_ll_usb.o
                0x000000000800330a                USB_DisableGlobalInt
 .text.USB_SetCurrentMode
                0x000000000800331e        0x4 Drivers/STM32F1xx_HAL_Driver/Src/stm32f1xx_ll_usb.o
                0x000000000800331e                USB_SetCurrentMode
 .text.USB_DevInit
                0x0000000008003322       0x26 Drivers/STM32F1xx_HAL_Driver/Src/stm32f1xx_ll_usb.o
                0x0000000008003322                USB_DevInit
 .text.USB_ActivateEndpoint
                0x0000000008003348      0x2f6 Drivers/STM32F1xx_HAL_Driver/Src/stm32f1xx_ll_usb.o
                0x0000000008003348                USB_ActivateEndpoint
 .text.USB_DeactivateEndpoint
                0x000000000800363e      0x1d4 Drivers/STM32F1xx_HAL_Driver/Src/stm32f1xx_ll_usb.o
                0x000000000800363e                USB_DeactivateEndpoint
 .text.USB_EPSetStall
                0x0000000008003812       0x4a Drivers/STM32F1xx_HAL_Driver/Src/stm32f1xx_ll_usb.o
                0x0000000008003812                USB_EPSetStall
 .text.USB_EPClearStall
                0x000000000800385c       0xa2 Drivers/STM32F1xx_HAL_Driver/Src/stm32f1xx_ll_usb.o
                0x000000000800385c                USB_EPClearStall
 .text.USB_SetDevAddress
                0x00000000080038fe        0xc Drivers/STM32F1xx_HAL_Driver/Src/stm32f1xx_ll_usb.o
                0x00000000080038fe                USB_SetDevAddress
 .text.USB_DevConnect
                0x000000000800390a        0x4 Drivers/STM32F1xx_HAL_Driver/Src/stm32f1xx_ll_usb.o
                0x000000000800390a                USB_DevConnect
 .text.USB_DevDisconnect
                0x000000000800390e        0x4 Drivers/STM32F1xx_HAL_Driver/Src/stm32f1xx_ll_usb.o
                0x000000000800390e                USB_DevDisconnect
 .text.USB_ReadInterrupts
                0x0000000008003912        0x6 Drivers/STM32F1xx_HAL_Driver/Src/stm32f1xx_ll_usb.o
                0x0000000008003912                USB_ReadInterrupts
 .text.USB_EP0_OutStart
                0x0000000008003918        0x4 Drivers/STM32F1xx_HAL_Driver/Src/stm32f1xx_ll_usb.o
                0x0000000008003918                USB_EP0_OutStart
 .text.USB_WritePMA
                0x000000000800391c       0x2e Drivers/STM32F1xx_HAL_Driver/Src/stm32f1xx_ll_usb.o
                0x000000000800391c                USB_WritePMA
 .text.USB_EPStartXfer
                0x000000000800394a      0x634 Drivers/STM32F1xx_HAL_Driver/Src/stm32f1xx_ll_usb.o
                0x000000000800394a                USB_EPStartXfer
 .text.USB_ReadPMA
                0x0000000008003f7e       0x4c Drivers/STM32F1xx_HAL_Driver/Src/stm32f1xx_ll_usb.o
                0x0000000008003f7e                USB_ReadPMA
 *fill*         0x0000000008003fca        0x2 
 .text.ST7735_Select
                0x0000000008003fcc       0x14 Drivers/TFT-ST7735/st7735.o
 .text.ST7735_WriteCommand
                0x0000000008003fe0       0x30 Drivers/TFT-ST7735/st7735.o
 .text.ST7735_WriteData
                0x0000000008004010       0x2c Drivers/TFT-ST7735/st7735.o
 .text.ST7735_ExecuteCommandList
                0x000000000800403c       0x4c Drivers/TFT-ST7735/st7735.o
 .text.ST7735_SetAddressWindow
                0x0000000008004088       0x58 Drivers/TFT-ST7735/st7735.o
 .text.ST7735_Unselect
                0x00000000080040e0       0x14 Drivers/TFT-ST7735/st7735.o
                0x00000000080040e0                ST7735_Unselect
 .text.ST7735_Init
                0x00000000080040f4       0x50 Drivers/TFT-ST7735/st7735.o
                0x00000000080040f4                ST7735_Init
 .text.ST7735_WriteString
                0x0000000008004144       0xf4 Drivers/TFT-ST7735/st7735.o
                0x0000000008004144                ST7735_WriteString
 .text.ST7735_FillRectangle
                0x0000000008004238       0xa8 Drivers/TFT-ST7735/st7735.o
                0x0000000008004238                ST7735_FillRectangle
 .text.ST7735_FillScreen
                0x00000000080042e0       0x18 Drivers/TFT-ST7735/st7735.o
                0x00000000080042e0                ST7735_FillScreen
 .text.ST7735_setColor
                0x00000000080042f8        0xc Drivers/TFT-ST7735/st7735.o
                0x00000000080042f8                ST7735_setColor
 .text.ST7735_print
                0x0000000008004304       0x30 Drivers/TFT-ST7735/st7735.o
                0x0000000008004304                ST7735_print
 .text._Z12digitalWritecb
                0x0000000008004334       0x30 Drivers/hal_ardu.o
                0x0000000008004334                digitalWrite(char, bool)
 .text._Z17delayMicrosecondsi
                0x0000000008004364        0xa Drivers/hal_ardu.o
                0x0000000008004364                delayMicroseconds(int)
 .text.USBD_CDC_EP0_RxReady
                0x000000000800436e       0x2c Middlewares/ST/STM32_USB_Device_Library/Class/CDC/Src/usbd_cdc.o
 *fill*         0x000000000800439a        0x2 
 .text.USBD_CDC_GetFSCfgDesc
                0x000000000800439c        0xc Middlewares/ST/STM32_USB_Device_Library/Class/CDC/Src/usbd_cdc.o
 .text.USBD_CDC_GetHSCfgDesc
                0x00000000080043a8        0xc Middlewares/ST/STM32_USB_Device_Library/Class/CDC/Src/usbd_cdc.o
 .text.USBD_CDC_GetOtherSpeedCfgDesc
                0x00000000080043b4        0xc Middlewares/ST/STM32_USB_Device_Library/Class/CDC/Src/usbd_cdc.o
 .text.USBD_CDC_GetDeviceQualifierDescriptor
                0x00000000080043c0        0xc Middlewares/ST/STM32_USB_Device_Library/Class/CDC/Src/usbd_cdc.o
                0x00000000080043c0                USBD_CDC_GetDeviceQualifierDescriptor
 .text.USBD_CDC_DataOut
                0x00000000080043cc       0x2e Middlewares/ST/STM32_USB_Device_Library/Class/CDC/Src/usbd_cdc.o
 .text.USBD_CDC_DataIn
                0x00000000080043fa       0x50 Middlewares/ST/STM32_USB_Device_Library/Class/CDC/Src/usbd_cdc.o
 .text.USBD_CDC_Setup
                0x000000000800444a       0xda Middlewares/ST/STM32_USB_Device_Library/Class/CDC/Src/usbd_cdc.o
 .text.USBD_CDC_DeInit
                0x0000000008004524       0x42 Middlewares/ST/STM32_USB_Device_Library/Class/CDC/Src/usbd_cdc.o
 .text.USBD_CDC_Init
                0x0000000008004566       0xaa Middlewares/ST/STM32_USB_Device_Library/Class/CDC/Src/usbd_cdc.o
 .text.USBD_CDC_RegisterInterface
                0x0000000008004610        0xe Middlewares/ST/STM32_USB_Device_Library/Class/CDC/Src/usbd_cdc.o
                0x0000000008004610                USBD_CDC_RegisterInterface
 .text.USBD_CDC_SetTxBuffer
                0x000000000800461e       0x10 Middlewares/ST/STM32_USB_Device_Library/Class/CDC/Src/usbd_cdc.o
                0x000000000800461e                USBD_CDC_SetTxBuffer
 .text.USBD_CDC_SetRxBuffer
                0x000000000800462e        0xc Middlewares/ST/STM32_USB_Device_Library/Class/CDC/Src/usbd_cdc.o
                0x000000000800462e                USBD_CDC_SetRxBuffer
 .text.USBD_CDC_ReceivePacket
                0x000000000800463a       0x32 Middlewares/ST/STM32_USB_Device_Library/Class/CDC/Src/usbd_cdc.o
                0x000000000800463a                USBD_CDC_ReceivePacket
 .text.USBD_Init
                0x000000000800466c       0x2e Middlewares/ST/STM32_USB_Device_Library/Core/Src/usbd_core.o
                0x000000000800466c                USBD_Init
 .text.USBD_RegisterClass
                0x000000000800469a        0xe Middlewares/ST/STM32_USB_Device_Library/Core/Src/usbd_core.o
                0x000000000800469a                USBD_RegisterClass
 .text.USBD_Start
                0x00000000080046a8        0xa Middlewares/ST/STM32_USB_Device_Library/Core/Src/usbd_core.o
                0x00000000080046a8                USBD_Start
 .text.USBD_SetClassConfig
                0x00000000080046b2       0x1a Middlewares/ST/STM32_USB_Device_Library/Core/Src/usbd_core.o
                0x00000000080046b2                USBD_SetClassConfig
 .text.USBD_ClrClassConfig
                0x00000000080046cc        0xe Middlewares/ST/STM32_USB_Device_Library/Core/Src/usbd_core.o
                0x00000000080046cc                USBD_ClrClassConfig
 .text.USBD_LL_SetupStage
                0x00000000080046da       0x5a Middlewares/ST/STM32_USB_Device_Library/Core/Src/usbd_core.o
                0x00000000080046da                USBD_LL_SetupStage
 .text.USBD_LL_DataOutStage
                0x0000000008004734       0x90 Middlewares/ST/STM32_USB_Device_Library/Core/Src/usbd_core.o
                0x0000000008004734                USBD_LL_DataOutStage
 .text.USBD_LL_DataInStage
                0x00000000080047c4       0xd2 Middlewares/ST/STM32_USB_Device_Library/Core/Src/usbd_core.o
                0x00000000080047c4                USBD_LL_DataInStage
 .text.USBD_LL_Reset
                0x0000000008004896       0x50 Middlewares/ST/STM32_USB_Device_Library/Core/Src/usbd_core.o
                0x0000000008004896                USBD_LL_Reset
 .text.USBD_LL_SetSpeed
                0x00000000080048e6        0x6 Middlewares/ST/STM32_USB_Device_Library/Core/Src/usbd_core.o
                0x00000000080048e6                USBD_LL_SetSpeed
 .text.USBD_LL_Suspend
                0x00000000080048ec       0x12 Middlewares/ST/STM32_USB_Device_Library/Core/Src/usbd_core.o
                0x00000000080048ec                USBD_LL_Suspend
 .text.USBD_LL_Resume
                0x00000000080048fe       0x14 Middlewares/ST/STM32_USB_Device_Library/Core/Src/usbd_core.o
                0x00000000080048fe                USBD_LL_Resume
 .text.USBD_LL_SOF
                0x0000000008004912       0x1c Middlewares/ST/STM32_USB_Device_Library/Core/Src/usbd_core.o
                0x0000000008004912                USBD_LL_SOF
 .text.USBD_ParseSetupRequest
                0x000000000800492e       0x28 Middlewares/ST/STM32_USB_Device_Library/Core/Src/usbd_ctlreq.o
                0x000000000800492e                USBD_ParseSetupRequest
 .text.USBD_CtlError
                0x0000000008004956       0x14 Middlewares/ST/STM32_USB_Device_Library/Core/Src/usbd_ctlreq.o
                0x0000000008004956                USBD_CtlError
 *fill*         0x000000000800496a        0x2 
 .text.USBD_StdDevReq
                0x000000000800496c      0x374 Middlewares/ST/STM32_USB_Device_Library/Core/Src/usbd_ctlreq.o
                0x000000000800496c                USBD_StdDevReq
 .text.USBD_StdItfReq
                0x0000000008004ce0       0x60 Middlewares/ST/STM32_USB_Device_Library/Core/Src/usbd_ctlreq.o
                0x0000000008004ce0                USBD_StdItfReq
 .text.USBD_StdEPReq
                0x0000000008004d40      0x1ac Middlewares/ST/STM32_USB_Device_Library/Core/Src/usbd_ctlreq.o
                0x0000000008004d40                USBD_StdEPReq
 .text.USBD_GetString
                0x0000000008004eec       0x48 Middlewares/ST/STM32_USB_Device_Library/Core/Src/usbd_ctlreq.o
                0x0000000008004eec                USBD_GetString
 .text.USBD_CtlSendData
                0x0000000008004f34       0x1a Middlewares/ST/STM32_USB_Device_Library/Core/Src/usbd_ioreq.o
                0x0000000008004f34                USBD_CtlSendData
 .text.USBD_CtlContinueSendData
                0x0000000008004f4e       0x10 Middlewares/ST/STM32_USB_Device_Library/Core/Src/usbd_ioreq.o
                0x0000000008004f4e                USBD_CtlContinueSendData
 .text.USBD_CtlPrepareRx
                0x0000000008004f5e       0x1e Middlewares/ST/STM32_USB_Device_Library/Core/Src/usbd_ioreq.o
                0x0000000008004f5e                USBD_CtlPrepareRx
 .text.USBD_CtlContinueRx
                0x0000000008004f7c       0x10 Middlewares/ST/STM32_USB_Device_Library/Core/Src/usbd_ioreq.o
                0x0000000008004f7c                USBD_CtlContinueRx
 .text.USBD_CtlSendStatus
                0x0000000008004f8c       0x16 Middlewares/ST/STM32_USB_Device_Library/Core/Src/usbd_ioreq.o
                0x0000000008004f8c                USBD_CtlSendStatus
 .text.USBD_CtlReceiveStatus
                0x0000000008004fa2       0x16 Middlewares/ST/STM32_USB_Device_Library/Core/Src/usbd_ioreq.o
                0x0000000008004fa2                USBD_CtlReceiveStatus
 .text.MX_USB_DEVICE_Init
                0x0000000008004fb8       0x54 USB_DEVICE/App/usb_device.o
                0x0000000008004fb8                MX_USB_DEVICE_Init
 .text.CDC_DeInit_FS
                0x000000000800500c        0x4 USB_DEVICE/App/usbd_cdc_if.o
 .text.CDC_Control_FS
                0x0000000008005010        0x4 USB_DEVICE/App/usbd_cdc_if.o
 .text.CDC_Receive_FS
                0x0000000008005014       0x1c USB_DEVICE/App/usbd_cdc_if.o
 .text.CDC_Init_FS
                0x0000000008005030       0x28 USB_DEVICE/App/usbd_cdc_if.o
 .text.USBD_FS_DeviceDescriptor
                0x0000000008005058        0xc USB_DEVICE/App/usbd_desc.o
                0x0000000008005058                USBD_FS_DeviceDescriptor
 .text.USBD_FS_LangIDStrDescriptor
                0x0000000008005064        0xc USB_DEVICE/App/usbd_desc.o
                0x0000000008005064                USBD_FS_LangIDStrDescriptor
 .text.IntToUnicode
                0x0000000008005070       0x2e USB_DEVICE/App/usbd_desc.o
 *fill*         0x000000000800509e        0x2 
 .text.USBD_FS_SerialStrDescriptor
                0x00000000080050a0       0x40 USB_DEVICE/App/usbd_desc.o
                0x00000000080050a0                USBD_FS_SerialStrDescriptor
 .text.USBD_FS_ProductStrDescriptor
                0x00000000080050e0       0x18 USB_DEVICE/App/usbd_desc.o
                0x00000000080050e0                USBD_FS_ProductStrDescriptor
 .text.USBD_FS_ManufacturerStrDescriptor
                0x00000000080050f8       0x1c USB_DEVICE/App/usbd_desc.o
                0x00000000080050f8                USBD_FS_ManufacturerStrDescriptor
 .text.USBD_FS_ConfigStrDescriptor
                0x0000000008005114       0x18 USB_DEVICE/App/usbd_desc.o
                0x0000000008005114                USBD_FS_ConfigStrDescriptor
 .text.USBD_FS_InterfaceStrDescriptor
                0x000000000800512c       0x18 USB_DEVICE/App/usbd_desc.o
                0x000000000800512c                USBD_FS_InterfaceStrDescriptor
 .text.USBD_Get_USB_Status
                0x0000000008005144       0x10 USB_DEVICE/Target/usbd_conf.o
 .text.HAL_PCD_MspInit
                0x0000000008005154       0x40 USB_DEVICE/Target/usbd_conf.o
                0x0000000008005154                HAL_PCD_MspInit
 .text.HAL_PCD_SetupStageCallback
                0x0000000008005194       0x10 USB_DEVICE/Target/usbd_conf.o
                0x0000000008005194                HAL_PCD_SetupStageCallback
 .text.HAL_PCD_DataOutStageCallback
                0x00000000080051a4       0x18 USB_DEVICE/Target/usbd_conf.o
                0x00000000080051a4                HAL_PCD_DataOutStageCallback
 .text.HAL_PCD_DataInStageCallback
                0x00000000080051bc       0x16 USB_DEVICE/Target/usbd_conf.o
                0x00000000080051bc                HAL_PCD_DataInStageCallback
 .text.HAL_PCD_SOFCallback
                0x00000000080051d2        0xc USB_DEVICE/Target/usbd_conf.o
                0x00000000080051d2                HAL_PCD_SOFCallback
 .text.HAL_PCD_ResetCallback
                0x00000000080051de       0x22 USB_DEVICE/Target/usbd_conf.o
                0x00000000080051de                HAL_PCD_ResetCallback
 .text.HAL_PCD_SuspendCallback
                0x0000000008005200       0x20 USB_DEVICE/Target/usbd_conf.o
                0x0000000008005200                HAL_PCD_SuspendCallback
 .text.HAL_PCD_ResumeCallback
                0x0000000008005220        0xc USB_DEVICE/Target/usbd_conf.o
                0x0000000008005220                HAL_PCD_ResumeCallback
 .text.USBD_LL_Init
                0x000000000800522c       0x84 USB_DEVICE/Target/usbd_conf.o
                0x000000000800522c                USBD_LL_Init
 .text.USBD_LL_Start
                0x00000000080052b0       0x10 USB_DEVICE/Target/usbd_conf.o
                0x00000000080052b0                USBD_LL_Start
 .text.USBD_LL_OpenEP
                0x00000000080052c0       0x16 USB_DEVICE/Target/usbd_conf.o
                0x00000000080052c0                USBD_LL_OpenEP
 .text.USBD_LL_CloseEP
                0x00000000080052d6       0x10 USB_DEVICE/Target/usbd_conf.o
                0x00000000080052d6                USBD_LL_CloseEP
 .text.USBD_LL_StallEP
                0x00000000080052e6       0x10 USB_DEVICE/Target/usbd_conf.o
                0x00000000080052e6                USBD_LL_StallEP
 .text.USBD_LL_ClearStallEP
                0x00000000080052f6       0x10 USB_DEVICE/Target/usbd_conf.o
                0x00000000080052f6                USBD_LL_ClearStallEP
 .text.USBD_LL_IsStallEP
                0x0000000008005306       0x2e USB_DEVICE/Target/usbd_conf.o
                0x0000000008005306                USBD_LL_IsStallEP
 .text.USBD_LL_SetUSBAddress
                0x0000000008005334       0x10 USB_DEVICE/Target/usbd_conf.o
                0x0000000008005334                USBD_LL_SetUSBAddress
 .text.USBD_LL_Transmit
                0x0000000008005344       0x10 USB_DEVICE/Target/usbd_conf.o
                0x0000000008005344                USBD_LL_Transmit
 .text.USBD_LL_PrepareReceive
                0x0000000008005354       0x10 USB_DEVICE/Target/usbd_conf.o
                0x0000000008005354                USBD_LL_PrepareReceive
 .text.USBD_LL_GetRxDataSize
                0x0000000008005364        0xc USB_DEVICE/Target/usbd_conf.o
                0x0000000008005364                USBD_LL_GetRxDataSize
 .text.USBD_static_malloc
                0x0000000008005370        0x8 USB_DEVICE/Target/usbd_conf.o
                0x0000000008005370                USBD_static_malloc
 .text.USBD_static_free
                0x0000000008005378        0x2 USB_DEVICE/Target/usbd_conf.o
                0x0000000008005378                USBD_static_free
 .text.HAL_PCDEx_SetConnectionState
                0x000000000800537a        0x2 USB_DEVICE/Target/usbd_conf.o
                0x000000000800537a                HAL_PCDEx_SetConnectionState
 .text._ZdlPvj  0x000000000800537c        0x4 /opt/st/stm32cubeide_1.5.0/plugins/com.st.stm32cube.ide.mcu.externaltools.gnu-tools-for-stm32.7-2018-q2-update.linux64_1.5.0.202011040924/tools/bin/../lib/gcc/arm-none-eabi/7.3.1/../../../../arm-none-eabi/lib/thumb/v7-m/libstdc++_nano.a(del_ops.o)
                0x000000000800537c                operator delete(void*, unsigned int)
 .text._ZdlPv   0x0000000008005380        0x4 /opt/st/stm32cubeide_1.5.0/plugins/com.st.stm32cube.ide.mcu.externaltools.gnu-tools-for-stm32.7-2018-q2-update.linux64_1.5.0.202011040924/tools/bin/../lib/gcc/arm-none-eabi/7.3.1/../../../../arm-none-eabi/lib/thumb/v7-m/libstdc++_nano.a(del_op.o)
                0x0000000008005380                operator delete(void*)
 .text.__libc_init_array
                0x0000000008005384       0x48 /opt/st/stm32cubeide_1.5.0/plugins/com.st.stm32cube.ide.mcu.externaltools.gnu-tools-for-stm32.7-2018-q2-update.linux64_1.5.0.202011040924/tools/bin/../lib/gcc/arm-none-eabi/7.3.1/../../../../arm-none-eabi/lib/thumb/v7-m/libc_nano.a(lib_a-init.o)
                0x0000000008005384                __libc_init_array
 .text.free     0x00000000080053cc       0x10 /opt/st/stm32cubeide_1.5.0/plugins/com.st.stm32cube.ide.mcu.externaltools.gnu-tools-for-stm32.7-2018-q2-update.linux64_1.5.0.202011040924/tools/bin/../lib/gcc/arm-none-eabi/7.3.1/../../../../arm-none-eabi/lib/thumb/v7-m/libc_nano.a(lib_a-malloc.o)
                0x00000000080053cc                free
 .text.memset   0x00000000080053dc       0x10 /opt/st/stm32cubeide_1.5.0/plugins/com.st.stm32cube.ide.mcu.externaltools.gnu-tools-for-stm32.7-2018-q2-update.linux64_1.5.0.202011040924/tools/bin/../lib/gcc/arm-none-eabi/7.3.1/../../../../arm-none-eabi/lib/thumb/v7-m/libc_nano.a(lib_a-memset.o)
                0x00000000080053dc                memset
 .text._free_r  0x00000000080053ec       0x98 /opt/st/stm32cubeide_1.5.0/plugins/com.st.stm32cube.ide.mcu.externaltools.gnu-tools-for-stm32.7-2018-q2-update.linux64_1.5.0.202011040924/tools/bin/../lib/gcc/arm-none-eabi/7.3.1/../../../../arm-none-eabi/lib/thumb/v7-m/libc_nano.a(lib_a-nano-freer.o)
                0x00000000080053ec                _free_r
 .text.__malloc_lock
                0x0000000008005484        0x2 /opt/st/stm32cubeide_1.5.0/plugins/com.st.stm32cube.ide.mcu.externaltools.gnu-tools-for-stm32.7-2018-q2-update.linux64_1.5.0.202011040924/tools/bin/../lib/gcc/arm-none-eabi/7.3.1/../../../../arm-none-eabi/lib/thumb/v7-m/libc_nano.a(lib_a-mlock.o)
                0x0000000008005484                __malloc_lock
 .text.__malloc_unlock
                0x0000000008005486        0x2 /opt/st/stm32cubeide_1.5.0/plugins/com.st.stm32cube.ide.mcu.externaltools.gnu-tools-for-stm32.7-2018-q2-update.linux64_1.5.0.202011040924/tools/bin/../lib/gcc/arm-none-eabi/7.3.1/../../../../arm-none-eabi/lib/thumb/v7-m/libc_nano.a(lib_a-mlock.o)
                0x0000000008005486                __malloc_unlock
 *(.glue_7)
 .glue_7        0x0000000008005488        0x0 linker stubs
 *(.glue_7t)
 .glue_7t       0x0000000008005488        0x0 linker stubs
 *(.eh_frame)
 .eh_frame      0x0000000008005488        0x0 /opt/st/stm32cubeide_1.5.0/plugins/com.st.stm32cube.ide.mcu.externaltools.gnu-tools-for-stm32.7-2018-q2-update.linux64_1.5.0.202011040924/tools/bin/../lib/gcc/arm-none-eabi/7.3.1/thumb/v7-m/crtbegin.o
 *(.init)
 .init          0x0000000008005488        0x4 /opt/st/stm32cubeide_1.5.0/plugins/com.st.stm32cube.ide.mcu.externaltools.gnu-tools-for-stm32.7-2018-q2-update.linux64_1.5.0.202011040924/tools/bin/../lib/gcc/arm-none-eabi/7.3.1/thumb/v7-m/crti.o
                0x0000000008005488                _init
 .init          0x000000000800548c        0x8 /opt/st/stm32cubeide_1.5.0/plugins/com.st.stm32cube.ide.mcu.externaltools.gnu-tools-for-stm32.7-2018-q2-update.linux64_1.5.0.202011040924/tools/bin/../lib/gcc/arm-none-eabi/7.3.1/thumb/v7-m/crtn.o
 *(.fini)
 .fini          0x0000000008005494        0x4 /opt/st/stm32cubeide_1.5.0/plugins/com.st.stm32cube.ide.mcu.externaltools.gnu-tools-for-stm32.7-2018-q2-update.linux64_1.5.0.202011040924/tools/bin/../lib/gcc/arm-none-eabi/7.3.1/thumb/v7-m/crti.o
                0x0000000008005494                _fini
 .fini          0x0000000008005498        0x8 /opt/st/stm32cubeide_1.5.0/plugins/com.st.stm32cube.ide.mcu.externaltools.gnu-tools-for-stm32.7-2018-q2-update.linux64_1.5.0.202011040924/tools/bin/../lib/gcc/arm-none-eabi/7.3.1/thumb/v7-m/crtn.o
                0x00000000080054a0                . = ALIGN (0x4)
                0x00000000080054a0                _etext = .

.vfp11_veneer   0x00000000080054a0        0x0
 .vfp11_veneer  0x00000000080054a0        0x0 linker stubs

.v4_bx          0x00000000080054a0        0x0
 .v4_bx         0x00000000080054a0        0x0 linker stubs

.iplt           0x00000000080054a0        0x0
 .iplt          0x00000000080054a0        0x0 /opt/st/stm32cubeide_1.5.0/plugins/com.st.stm32cube.ide.mcu.externaltools.gnu-tools-for-stm32.7-2018-q2-update.linux64_1.5.0.202011040924/tools/bin/../lib/gcc/arm-none-eabi/7.3.1/thumb/v7-m/crtbegin.o

.rodata         0x00000000080054a0      0x8d0
                0x00000000080054a0                . = ALIGN (0x4)
 *(.rodata)
 .rodata        0x00000000080054a0       0x10 Drivers/STM32F1xx_HAL_Driver/Src/stm32f1xx_hal_rcc.o
 *(.rodata*)
 .rodata._Z10setupScannv.str1.4
                0x00000000080054b0        0xc Core/Src/Scanner.o
 .rodata.AHBPrescTable
                0x00000000080054bc       0x10 Core/Src/system_stm32f1xx.o
                0x00000000080054bc                AHBPrescTable
 .rodata._ZL17child_pipe_enable
                0x00000000080054cc        0x6 Drivers/RF24/RF24.o
 *fill*         0x00000000080054d2        0x2 
 .rodata._ZTV3SPI
                0x00000000080054d4       0x10 Drivers/RF24/utility/STM32HAL/spi.o
                0x00000000080054d4                vtable for SPI
 .rodata.Font7x10
                0x00000000080054e4      0x76c Drivers/TFT-ST7735/fonts.o
 .rodata.init_cmds1
                0x0000000008005c50       0x3b Drivers/TFT-ST7735/st7735.o
 *fill*         0x0000000008005c8b        0x1 
 .rodata.init_cmds2
                0x0000000008005c8c        0xd Drivers/TFT-ST7735/st7735.o
 *fill*         0x0000000008005c99        0x3 
 .rodata.init_cmds3
                0x0000000008005c9c       0x2b Drivers/TFT-ST7735/st7735.o
 *fill*         0x0000000008005cc7        0x1 
 .rodata.USBD_FS_ConfigStrDescriptor.str1.4
                0x0000000008005cc8        0xb USB_DEVICE/App/usbd_desc.o
 *fill*         0x0000000008005cd3        0x1 
 .rodata.USBD_FS_InterfaceStrDescriptor.str1.4
                0x0000000008005cd4        0xe USB_DEVICE/App/usbd_desc.o
 *fill*         0x0000000008005ce2        0x2 
 .rodata.USBD_FS_ManufacturerStrDescriptor.str1.4
                0x0000000008005ce4       0x13 USB_DEVICE/App/usbd_desc.o
 *fill*         0x0000000008005cf7        0x1 
 .rodata.USBD_FS_ProductStrDescriptor.str1.4
                0x0000000008005cf8       0x18 USB_DEVICE/App/usbd_desc.o
                                         0x16 (size before relaxing)
 .rodata.__sf_fake_stderr
                0x0000000008005d10       0x20 /opt/st/stm32cubeide_1.5.0/plugins/com.st.stm32cube.ide.mcu.externaltools.gnu-tools-for-stm32.7-2018-q2-update.linux64_1.5.0.202011040924/tools/bin/../lib/gcc/arm-none-eabi/7.3.1/../../../../arm-none-eabi/lib/thumb/v7-m/libc_nano.a(lib_a-findfp.o)
                0x0000000008005d10                __sf_fake_stderr
 .rodata.__sf_fake_stdin
                0x0000000008005d30       0x20 /opt/st/stm32cubeide_1.5.0/plugins/com.st.stm32cube.ide.mcu.externaltools.gnu-tools-for-stm32.7-2018-q2-update.linux64_1.5.0.202011040924/tools/bin/../lib/gcc/arm-none-eabi/7.3.1/../../../../arm-none-eabi/lib/thumb/v7-m/libc_nano.a(lib_a-findfp.o)
                0x0000000008005d30                __sf_fake_stdin
 .rodata.__sf_fake_stdout
                0x0000000008005d50       0x20 /opt/st/stm32cubeide_1.5.0/plugins/com.st.stm32cube.ide.mcu.externaltools.gnu-tools-for-stm32.7-2018-q2-update.linux64_1.5.0.202011040924/tools/bin/../lib/gcc/arm-none-eabi/7.3.1/../../../../arm-none-eabi/lib/thumb/v7-m/libc_nano.a(lib_a-findfp.o)
                0x0000000008005d50                __sf_fake_stdout
                0x0000000008005d70                . = ALIGN (0x4)

.rel.dyn        0x0000000008005d70        0x0
 .rel.iplt      0x0000000008005d70        0x0 /opt/st/stm32cubeide_1.5.0/plugins/com.st.stm32cube.ide.mcu.externaltools.gnu-tools-for-stm32.7-2018-q2-update.linux64_1.5.0.202011040924/tools/bin/../lib/gcc/arm-none-eabi/7.3.1/thumb/v7-m/crtbegin.o

.ARM.extab      0x0000000008005d70        0x0
                0x0000000008005d70                . = ALIGN (0x4)
 *(.ARM.extab* .gnu.linkonce.armextab.*)
                0x0000000008005d70                . = ALIGN (0x4)

.ARM            0x0000000008005d70        0x0
                0x0000000008005d70                . = ALIGN (0x4)
                0x0000000008005d70                __exidx_start = .
 *(.ARM.exidx*)
                0x0000000008005d70                __exidx_end = .
                0x0000000008005d70                . = ALIGN (0x4)

.preinit_array  0x0000000008005d70        0x0
                0x0000000008005d70                . = ALIGN (0x4)
                0x0000000008005d70                PROVIDE (__preinit_array_start = .)
 *(.preinit_array*)
                0x0000000008005d70                PROVIDE (__preinit_array_end = .)
                0x0000000008005d70                . = ALIGN (0x4)

.init_array     0x0000000008005d70        0x8
                0x0000000008005d70                . = ALIGN (0x4)
                0x0000000008005d70                PROVIDE (__init_array_start = .)
 *(SORT_BY_NAME(.init_array.*))
 *(.init_array*)
 .init_array    0x0000000008005d70        0x4 /opt/st/stm32cubeide_1.5.0/plugins/com.st.stm32cube.ide.mcu.externaltools.gnu-tools-for-stm32.7-2018-q2-update.linux64_1.5.0.202011040924/tools/bin/../lib/gcc/arm-none-eabi/7.3.1/thumb/v7-m/crtbegin.o
 .init_array    0x0000000008005d74        0x4 Core/Src/Scanner.o
                0x0000000008005d78                PROVIDE (__init_array_end = .)
                0x0000000008005d78                . = ALIGN (0x4)

.fini_array     0x0000000008005d78        0x8
                0x0000000008005d78                . = ALIGN (0x4)
                [!provide]                        PROVIDE (__fini_array_start = .)
 *(SORT_BY_NAME(.fini_array.*))
 *(.fini_array*)
 .fini_array    0x0000000008005d78        0x4 /opt/st/stm32cubeide_1.5.0/plugins/com.st.stm32cube.ide.mcu.externaltools.gnu-tools-for-stm32.7-2018-q2-update.linux64_1.5.0.202011040924/tools/bin/../lib/gcc/arm-none-eabi/7.3.1/thumb/v7-m/crtbegin.o
 .fini_array    0x0000000008005d7c        0x4 Core/Src/Scanner.o
                [!provide]                        PROVIDE (__fini_array_end = .)
                0x0000000008005d80                . = ALIGN (0x4)
                0x0000000008005d80                _sidata = LOADADDR (.data)

.data           0x0000000020000000      0x1f4 load address 0x0000000008005d80
                0x0000000020000000                . = ALIGN (0x4)
                0x0000000020000000                _sdata = .
 *(.data)
 *(.data*)
 .data.ChannelScan
                0x0000000020000000        0x1 Core/Src/Scanner.o
                0x0000000020000000                ChannelScan
 *fill*         0x0000000020000001        0x3 
 .data.p_loopScann
                0x0000000020000004        0x4 Core/Src/Scanner.o
                0x0000000020000004                p_loopScann
 .data.p_setupScann
                0x0000000020000008        0x4 Core/Src/Scanner.o
                0x0000000020000008                p_setupScann
 .data.SystemCoreClock
                0x000000002000000c        0x4 Core/Src/system_stm32f1xx.o
                0x000000002000000c                SystemCoreClock
 .data.uwTickFreq
                0x0000000020000010        0x1 Drivers/STM32F1xx_HAL_Driver/Src/stm32f1xx_hal.o
                0x0000000020000010                uwTickFreq
 *fill*         0x0000000020000011        0x3 
 .data.uwTickPrio
                0x0000000020000014        0x4 Drivers/STM32F1xx_HAL_Driver/Src/stm32f1xx_hal.o
                0x0000000020000014                uwTickPrio
 .data.Font_7x10
                0x0000000020000018        0x8 Drivers/TFT-ST7735/fonts.o
                0x0000000020000018                Font_7x10
 .data.USBD_CDC
                0x0000000020000020       0x38 Middlewares/ST/STM32_USB_Device_Library/Class/CDC/Src/usbd_cdc.o
                0x0000000020000020                USBD_CDC
 .data.USBD_CDC_CfgFSDesc
                0x0000000020000058       0x43 Middlewares/ST/STM32_USB_Device_Library/Class/CDC/Src/usbd_cdc.o
                0x0000000020000058                USBD_CDC_CfgFSDesc
 *fill*         0x000000002000009b        0x1 
 .data.USBD_CDC_CfgHSDesc
                0x000000002000009c       0x43 Middlewares/ST/STM32_USB_Device_Library/Class/CDC/Src/usbd_cdc.o
                0x000000002000009c                USBD_CDC_CfgHSDesc
 *fill*         0x00000000200000df        0x1 
 .data.USBD_CDC_DeviceQualifierDesc
                0x00000000200000e0        0xa Middlewares/ST/STM32_USB_Device_Library/Class/CDC/Src/usbd_cdc.o
 *fill*         0x00000000200000ea        0x2 
 .data.USBD_CDC_OtherSpeedCfgDesc
                0x00000000200000ec       0x43 Middlewares/ST/STM32_USB_Device_Library/Class/CDC/Src/usbd_cdc.o
                0x00000000200000ec                USBD_CDC_OtherSpeedCfgDesc
 *fill*         0x000000002000012f        0x1 
 .data.USBD_Interface_fops_FS
                0x0000000020000130       0x10 USB_DEVICE/App/usbd_cdc_if.o
                0x0000000020000130                USBD_Interface_fops_FS
 .data.FS_Desc  0x0000000020000140       0x1c USB_DEVICE/App/usbd_desc.o
                0x0000000020000140                FS_Desc
 .data.USBD_FS_DeviceDesc
                0x000000002000015c       0x12 USB_DEVICE/App/usbd_desc.o
                0x000000002000015c                USBD_FS_DeviceDesc
 *fill*         0x000000002000016e        0x2 
 .data.USBD_LangIDDesc
                0x0000000020000170        0x4 USB_DEVICE/App/usbd_desc.o
                0x0000000020000170                USBD_LangIDDesc
 .data.USBD_StringSerial
                0x0000000020000174       0x1a USB_DEVICE/App/usbd_desc.o
                0x0000000020000174                USBD_StringSerial
 *fill*         0x000000002000018e        0x2 
 .data._impure_ptr
                0x0000000020000190        0x4 /opt/st/stm32cubeide_1.5.0/plugins/com.st.stm32cube.ide.mcu.externaltools.gnu-tools-for-stm32.7-2018-q2-update.linux64_1.5.0.202011040924/tools/bin/../lib/gcc/arm-none-eabi/7.3.1/../../../../arm-none-eabi/lib/thumb/v7-m/libc_nano.a(lib_a-impure.o)
                0x0000000020000190                _impure_ptr
 .data.impure_data
                0x0000000020000194       0x60 /opt/st/stm32cubeide_1.5.0/plugins/com.st.stm32cube.ide.mcu.externaltools.gnu-tools-for-stm32.7-2018-q2-update.linux64_1.5.0.202011040924/tools/bin/../lib/gcc/arm-none-eabi/7.3.1/../../../../arm-none-eabi/lib/thumb/v7-m/libc_nano.a(lib_a-impure.o)
 *(.RamFunc)
 *(.RamFunc*)
                0x00000000200001f4                . = ALIGN (0x4)
                0x00000000200001f4                _edata = .

.igot.plt       0x00000000200001f4        0x0 load address 0x0000000008005f74
 .igot.plt      0x00000000200001f4        0x0 /opt/st/stm32cubeide_1.5.0/plugins/com.st.stm32cube.ide.mcu.externaltools.gnu-tools-for-stm32.7-2018-q2-update.linux64_1.5.0.202011040924/tools/bin/../lib/gcc/arm-none-eabi/7.3.1/thumb/v7-m/crtbegin.o
                0x00000000200001f4                . = ALIGN (0x4)

.bss            0x00000000200001f4     0x16a4 load address 0x0000000008005f74
                0x00000000200001f4                _sbss = .
                0x00000000200001f4                __bss_start__ = _sbss
 *(.bss)
 .bss           0x00000000200001f4       0x1c /opt/st/stm32cubeide_1.5.0/plugins/com.st.stm32cube.ide.mcu.externaltools.gnu-tools-for-stm32.7-2018-q2-update.linux64_1.5.0.202011040924/tools/bin/../lib/gcc/arm-none-eabi/7.3.1/thumb/v7-m/crtbegin.o
 *(.bss*)
 .bss.ChannelPowerMax
                0x0000000020000210        0x4 Core/Src/Scanner.o
                0x0000000020000210                ChannelPowerMax
 .bss.ChannelPowerMem
                0x0000000020000214      0x200 Core/Src/Scanner.o
                0x0000000020000214                ChannelPowerMem
 .bss.ChannelPowerNow
                0x0000000020000414      0x200 Core/Src/Scanner.o
                0x0000000020000414                ChannelPowerNow
 .bss.ChannelPrint
                0x0000000020000614        0x1 Core/Src/Scanner.o
                0x0000000020000614                ChannelPrint
 *fill*         0x0000000020000615        0x3 
 .bss._ZZ9loopScannvE1x
                0x0000000020000618        0x4 Core/Src/Scanner.o
 .bss._ZZ9loopScannvE6toggle
                0x000000002000061c        0x4 Core/Src/Scanner.o
 .bss.radio     0x0000000020000620       0x1c Core/Src/Scanner.o
                0x0000000020000620                radio
 .bss.tmpcolor  0x000000002000063c        0x2 Drivers/TFT-ST7735/st7735.o
                0x000000002000063c                tmpcolor
 .bss.cfgidx.7765
                0x000000002000063e        0x1 Middlewares/ST/STM32_USB_Device_Library/Core/Src/usbd_ctlreq.o
 *fill*         0x000000002000063f        0x1 
 .bss.mem.7833  0x0000000020000640      0x220 USB_DEVICE/Target/usbd_conf.o
 .bss.__malloc_free_list
                0x0000000020000860        0x4 /opt/st/stm32cubeide_1.5.0/plugins/com.st.stm32cube.ide.mcu.externaltools.gnu-tools-for-stm32.7-2018-q2-update.linux64_1.5.0.202011040924/tools/bin/../lib/gcc/arm-none-eabi/7.3.1/../../../../arm-none-eabi/lib/thumb/v7-m/libc_nano.a(lib_a-nano-mallocr.o)
                0x0000000020000860                __malloc_free_list
 *(COMMON)
 COMMON         0x0000000020000864       0xb0 Core/Src/main.o
                0x0000000020000864                hspi2
                0x00000000200008bc                hspi1
 COMMON         0x0000000020000914        0x4 Drivers/STM32F1xx_HAL_Driver/Src/stm32f1xx_hal.o
                0x0000000020000914                uwTick
 COMMON         0x0000000020000918      0x2c4 USB_DEVICE/App/usb_device.o
                0x0000000020000918                hUsbDeviceFS
 COMMON         0x0000000020000bdc      0x7d0 USB_DEVICE/App/usbd_cdc_if.o
                0x0000000020000bdc                UserRxBufferFS
                0x0000000020000fc4                UserTxBufferFS
 COMMON         0x00000000200013ac      0x200 USB_DEVICE/App/usbd_desc.o
                0x00000000200013ac                USBD_StrDesc
 COMMON         0x00000000200015ac      0x2ec USB_DEVICE/Target/usbd_conf.o
                0x00000000200015ac                hpcd_USB_FS
                0x0000000020001898                . = ALIGN (0x4)
                0x0000000020001898                _ebss = .
                0x0000000020001898                __bss_end__ = _ebss

._user_heap_stack
                0x0000000020001898      0x600 load address 0x0000000008005f74
                0x0000000020001898                . = ALIGN (0x8)
                [!provide]                        PROVIDE (end = .)
                0x0000000020001898                PROVIDE (_end = .)
                0x0000000020001a98                . = (. + _Min_Heap_Size)
 *fill*         0x0000000020001898      0x200 
                0x0000000020001e98                . = (. + _Min_Stack_Size)
 *fill*         0x0000000020001a98      0x400 
                0x0000000020001e98                . = ALIGN (0x8)

/DISCARD/
 libc.a(*)
 libm.a(*)
 libgcc.a(*)

.ARM.attributes
                0x0000000000000000       0x29
 *(.ARM.attributes)
 .ARM.attributes
                0x0000000000000000       0x1d /opt/st/stm32cubeide_1.5.0/plugins/com.st.stm32cube.ide.mcu.externaltools.gnu-tools-for-stm32.7-2018-q2-update.linux64_1.5.0.202011040924/tools/bin/../lib/gcc/arm-none-eabi/7.3.1/thumb/v7-m/crti.o
 .ARM.attributes
                0x000000000000001d       0x2d /opt/st/stm32cubeide_1.5.0/plugins/com.st.stm32cube.ide.mcu.externaltools.gnu-tools-for-stm32.7-2018-q2-update.linux64_1.5.0.202011040924/tools/bin/../lib/gcc/arm-none-eabi/7.3.1/thumb/v7-m/crtbegin.o
 .ARM.attributes
                0x000000000000004a       0x33 Core/Src/Scanner.o
 .ARM.attributes
                0x000000000000007d       0x33 Core/Src/main.o
 .ARM.attributes
                0x00000000000000b0       0x33 Core/Src/stm32f1xx_hal_msp.o
 .ARM.attributes
                0x00000000000000e3       0x33 Core/Src/stm32f1xx_it.o
 .ARM.attributes
                0x0000000000000116       0x33 Core/Src/system_stm32f1xx.o
 .ARM.attributes
                0x0000000000000149       0x21 Core/Startup/startup_stm32f103c8tx.o
 .ARM.attributes
                0x000000000000016a       0x33 Drivers/RF24/RF24.o
 .ARM.attributes
                0x000000000000019d       0x33 Drivers/RF24/utility/STM32HAL/spi.o
 .ARM.attributes
                0x00000000000001d0       0x33 Drivers/STM32F1xx_HAL_Driver/Src/stm32f1xx_hal.o
 .ARM.attributes
                0x0000000000000203       0x33 Drivers/STM32F1xx_HAL_Driver/Src/stm32f1xx_hal_cortex.o
 .ARM.attributes
                0x0000000000000236       0x33 Drivers/STM32F1xx_HAL_Driver/Src/stm32f1xx_hal_gpio.o
 .ARM.attributes
                0x0000000000000269       0x33 Drivers/STM32F1xx_HAL_Driver/Src/stm32f1xx_hal_pcd.o
 .ARM.attributes
                0x000000000000029c       0x33 Drivers/STM32F1xx_HAL_Driver/Src/stm32f1xx_hal_pcd_ex.o
 .ARM.attributes
                0x00000000000002cf       0x33 Drivers/STM32F1xx_HAL_Driver/Src/stm32f1xx_hal_rcc.o
 .ARM.attributes
                0x0000000000000302       0x33 Drivers/STM32F1xx_HAL_Driver/Src/stm32f1xx_hal_rcc_ex.o
 .ARM.attributes
                0x0000000000000335       0x33 Drivers/STM32F1xx_HAL_Driver/Src/stm32f1xx_hal_spi.o
 .ARM.attributes
                0x0000000000000368       0x33 Drivers/STM32F1xx_HAL_Driver/Src/stm32f1xx_ll_usb.o
 .ARM.attributes
                0x000000000000039b       0x33 Drivers/TFT-ST7735/fonts.o
 .ARM.attributes
                0x00000000000003ce       0x33 Drivers/TFT-ST7735/st7735.o
 .ARM.attributes
                0x0000000000000401       0x33 Drivers/hal_ardu.o
 .ARM.attributes
                0x0000000000000434       0x33 Middlewares/ST/STM32_USB_Device_Library/Class/CDC/Src/usbd_cdc.o
 .ARM.attributes
                0x0000000000000467       0x33 Middlewares/ST/STM32_USB_Device_Library/Core/Src/usbd_core.o
 .ARM.attributes
                0x000000000000049a       0x33 Middlewares/ST/STM32_USB_Device_Library/Core/Src/usbd_ctlreq.o
 .ARM.attributes
                0x00000000000004cd       0x33 Middlewares/ST/STM32_USB_Device_Library/Core/Src/usbd_ioreq.o
 .ARM.attributes
                0x0000000000000500       0x33 USB_DEVICE/App/usb_device.o
 .ARM.attributes
                0x0000000000000533       0x33 USB_DEVICE/App/usbd_cdc_if.o
 .ARM.attributes
                0x0000000000000566       0x33 USB_DEVICE/App/usbd_desc.o
 .ARM.attributes
                0x0000000000000599       0x33 USB_DEVICE/Target/usbd_conf.o
 .ARM.attributes
                0x00000000000005cc       0x2d /opt/st/stm32cubeide_1.5.0/plugins/com.st.stm32cube.ide.mcu.externaltools.gnu-tools-for-stm32.7-2018-q2-update.linux64_1.5.0.202011040924/tools/bin/../lib/gcc/arm-none-eabi/7.3.1/../../../../arm-none-eabi/lib/thumb/v7-m/libstdc++_nano.a(del_ops.o)
 .ARM.attributes
                0x00000000000005f9       0x2d /opt/st/stm32cubeide_1.5.0/plugins/com.st.stm32cube.ide.mcu.externaltools.gnu-tools-for-stm32.7-2018-q2-update.linux64_1.5.0.202011040924/tools/bin/../lib/gcc/arm-none-eabi/7.3.1/../../../../arm-none-eabi/lib/thumb/v7-m/libstdc++_nano.a(del_op.o)
 .ARM.attributes
                0x0000000000000626       0x2d /opt/st/stm32cubeide_1.5.0/plugins/com.st.stm32cube.ide.mcu.externaltools.gnu-tools-for-stm32.7-2018-q2-update.linux64_1.5.0.202011040924/tools/bin/../lib/gcc/arm-none-eabi/7.3.1/../../../../arm-none-eabi/lib/thumb/v7-m/libc_nano.a(lib_a-impure.o)
 .ARM.attributes
                0x0000000000000653       0x2d /opt/st/stm32cubeide_1.5.0/plugins/com.st.stm32cube.ide.mcu.externaltools.gnu-tools-for-stm32.7-2018-q2-update.linux64_1.5.0.202011040924/tools/bin/../lib/gcc/arm-none-eabi/7.3.1/../../../../arm-none-eabi/lib/thumb/v7-m/libc_nano.a(lib_a-init.o)
 .ARM.attributes
                0x0000000000000680       0x2d /opt/st/stm32cubeide_1.5.0/plugins/com.st.stm32cube.ide.mcu.externaltools.gnu-tools-for-stm32.7-2018-q2-update.linux64_1.5.0.202011040924/tools/bin/../lib/gcc/arm-none-eabi/7.3.1/../../../../arm-none-eabi/lib/thumb/v7-m/libc_nano.a(lib_a-malloc.o)
 .ARM.attributes
                0x00000000000006ad       0x2d /opt/st/stm32cubeide_1.5.0/plugins/com.st.stm32cube.ide.mcu.externaltools.gnu-tools-for-stm32.7-2018-q2-update.linux64_1.5.0.202011040924/tools/bin/../lib/gcc/arm-none-eabi/7.3.1/../../../../arm-none-eabi/lib/thumb/v7-m/libc_nano.a(lib_a-memset.o)
 .ARM.attributes
                0x00000000000006da       0x2d /opt/st/stm32cubeide_1.5.0/plugins/com.st.stm32cube.ide.mcu.externaltools.gnu-tools-for-stm32.7-2018-q2-update.linux64_1.5.0.202011040924/tools/bin/../lib/gcc/arm-none-eabi/7.3.1/../../../../arm-none-eabi/lib/thumb/v7-m/libc_nano.a(lib_a-nano-freer.o)
 .ARM.attributes
                0x0000000000000707       0x2d /opt/st/stm32cubeide_1.5.0/plugins/com.st.stm32cube.ide.mcu.externaltools.gnu-tools-for-stm32.7-2018-q2-update.linux64_1.5.0.202011040924/tools/bin/../lib/gcc/arm-none-eabi/7.3.1/../../../../arm-none-eabi/lib/thumb/v7-m/libc_nano.a(lib_a-nano-mallocr.o)
 .ARM.attributes
                0x0000000000000734       0x2d /opt/st/stm32cubeide_1.5.0/plugins/com.st.stm32cube.ide.mcu.externaltools.gnu-tools-for-stm32.7-2018-q2-update.linux64_1.5.0.202011040924/tools/bin/../lib/gcc/arm-none-eabi/7.3.1/../../../../arm-none-eabi/lib/thumb/v7-m/libc_nano.a(lib_a-findfp.o)
 .ARM.attributes
                0x0000000000000761       0x2d /opt/st/stm32cubeide_1.5.0/plugins/com.st.stm32cube.ide.mcu.externaltools.gnu-tools-for-stm32.7-2018-q2-update.linux64_1.5.0.202011040924/tools/bin/../lib/gcc/arm-none-eabi/7.3.1/../../../../arm-none-eabi/lib/thumb/v7-m/libc_nano.a(lib_a-mlock.o)
 .ARM.attributes
                0x000000000000078e       0x1d /opt/st/stm32cubeide_1.5.0/plugins/com.st.stm32cube.ide.mcu.externaltools.gnu-tools-for-stm32.7-2018-q2-update.linux64_1.5.0.202011040924/tools/bin/../lib/gcc/arm-none-eabi/7.3.1/thumb/v7-m/libgcc.a(_arm_addsubdf3.o)
 .ARM.attributes
                0x00000000000007ab       0x1d /opt/st/stm32cubeide_1.5.0/plugins/com.st.stm32cube.ide.mcu.externaltools.gnu-tools-for-stm32.7-2018-q2-update.linux64_1.5.0.202011040924/tools/bin/../lib/gcc/arm-none-eabi/7.3.1/thumb/v7-m/libgcc.a(_arm_muldivdf3.o)
 .ARM.attributes
                0x00000000000007c8       0x1d /opt/st/stm32cubeide_1.5.0/plugins/com.st.stm32cube.ide.mcu.externaltools.gnu-tools-for-stm32.7-2018-q2-update.linux64_1.5.0.202011040924/tools/bin/../lib/gcc/arm-none-eabi/7.3.1/thumb/v7-m/libgcc.a(_arm_fixdfsi.o)
 .ARM.attributes
                0x00000000000007e5       0x1d /opt/st/stm32cubeide_1.5.0/plugins/com.st.stm32cube.ide.mcu.externaltools.gnu-tools-for-stm32.7-2018-q2-update.linux64_1.5.0.202011040924/tools/bin/../lib/gcc/arm-none-eabi/7.3.1/thumb/v7-m/libgcc.a(_arm_fixunsdfsi.o)
 .ARM.attributes
                0x0000000000000802       0x1d /opt/st/stm32cubeide_1.5.0/plugins/com.st.stm32cube.ide.mcu.externaltools.gnu-tools-for-stm32.7-2018-q2-update.linux64_1.5.0.202011040924/tools/bin/../lib/gcc/arm-none-eabi/7.3.1/thumb/v7-m/crtn.o
OUTPUT(IsmSannerNrf24St7735.elf elf32-littlearm)

.debug_info     0x0000000000000000    0x224ef
 .debug_info    0x0000000000000000     0x2bc2 Core/Src/Scanner.o
 .debug_info    0x0000000000002bc2     0x1559 Core/Src/main.o
 .debug_info    0x000000000000411b      0x9a0 Core/Src/stm32f1xx_hal_msp.o
 .debug_info    0x0000000000004abb      0xb1f Core/Src/stm32f1xx_it.o
 .debug_info    0x00000000000055da      0x29d Core/Src/system_stm32f1xx.o
 .debug_info    0x0000000000005877       0x22 Core/Startup/startup_stm32f103c8tx.o
 .debug_info    0x0000000000005899     0x4be3 Drivers/RF24/RF24.o
 .debug_info    0x000000000000a47c     0x124b Drivers/RF24/utility/STM32HAL/spi.o
 .debug_info    0x000000000000b6c7      0x7c0 Drivers/STM32F1xx_HAL_Driver/Src/stm32f1xx_hal.o
 .debug_info    0x000000000000be87      0xcbd Drivers/STM32F1xx_HAL_Driver/Src/stm32f1xx_hal_cortex.o
 .debug_info    0x000000000000cb44      0x6b6 Drivers/STM32F1xx_HAL_Driver/Src/stm32f1xx_hal_gpio.o
 .debug_info    0x000000000000d1fa     0x1903 Drivers/STM32F1xx_HAL_Driver/Src/stm32f1xx_hal_pcd.o
 .debug_info    0x000000000000eafd      0x784 Drivers/STM32F1xx_HAL_Driver/Src/stm32f1xx_hal_pcd_ex.o
 .debug_info    0x000000000000f281      0x9e6 Drivers/STM32F1xx_HAL_Driver/Src/stm32f1xx_hal_rcc.o
 .debug_info    0x000000000000fc67      0x497 Drivers/STM32F1xx_HAL_Driver/Src/stm32f1xx_hal_rcc_ex.o
 .debug_info    0x00000000000100fe     0x1b1c Drivers/STM32F1xx_HAL_Driver/Src/stm32f1xx_hal_spi.o
 .debug_info    0x0000000000011c1a     0x1846 Drivers/STM32F1xx_HAL_Driver/Src/stm32f1xx_ll_usb.o
 .debug_info    0x0000000000013460      0x282 Drivers/TFT-ST7735/fonts.o
 .debug_info    0x00000000000136e2     0x113a Drivers/TFT-ST7735/st7735.o
 .debug_info    0x000000000001481c      0xff2 Drivers/hal_ardu.o
 .debug_info    0x000000000001580e     0x1f3a Middlewares/ST/STM32_USB_Device_Library/Class/CDC/Src/usbd_cdc.o
 .debug_info    0x0000000000017748     0x19cc Middlewares/ST/STM32_USB_Device_Library/Core/Src/usbd_core.o
 .debug_info    0x0000000000019114     0x1d76 Middlewares/ST/STM32_USB_Device_Library/Core/Src/usbd_ctlreq.o
 .debug_info    0x000000000001ae8a     0x149c Middlewares/ST/STM32_USB_Device_Library/Core/Src/usbd_ioreq.o
 .debug_info    0x000000000001c326     0x13ab USB_DEVICE/App/usb_device.o
 .debug_info    0x000000000001d6d1     0x156c USB_DEVICE/App/usbd_cdc_if.o
 .debug_info    0x000000000001ec3d     0x1280 USB_DEVICE/App/usbd_desc.o
 .debug_info    0x000000000001febd     0x2632 USB_DEVICE/Target/usbd_conf.o

.debug_abbrev   0x0000000000000000     0x4525
 .debug_abbrev  0x0000000000000000      0x51c Core/Src/Scanner.o
 .debug_abbrev  0x000000000000051c      0x2ed Core/Src/main.o
 .debug_abbrev  0x0000000000000809      0x1b8 Core/Src/stm32f1xx_hal_msp.o
 .debug_abbrev  0x00000000000009c1      0x192 Core/Src/stm32f1xx_it.o
 .debug_abbrev  0x0000000000000b53      0x134 Core/Src/system_stm32f1xx.o
 .debug_abbrev  0x0000000000000c87       0x12 Core/Startup/startup_stm32f103c8tx.o
 .debug_abbrev  0x0000000000000c99      0x550 Drivers/RF24/RF24.o
 .debug_abbrev  0x00000000000011e9      0x357 Drivers/RF24/utility/STM32HAL/spi.o
 .debug_abbrev  0x0000000000001540      0x1ed Drivers/STM32F1xx_HAL_Driver/Src/stm32f1xx_hal.o
 .debug_abbrev  0x000000000000172d      0x2ed Drivers/STM32F1xx_HAL_Driver/Src/stm32f1xx_hal_cortex.o
 .debug_abbrev  0x0000000000001a1a      0x1de Drivers/STM32F1xx_HAL_Driver/Src/stm32f1xx_hal_gpio.o
 .debug_abbrev  0x0000000000001bf8      0x2ff Drivers/STM32F1xx_HAL_Driver/Src/stm32f1xx_hal_pcd.o
 .debug_abbrev  0x0000000000001ef7      0x197 Drivers/STM32F1xx_HAL_Driver/Src/stm32f1xx_hal_pcd_ex.o
 .debug_abbrev  0x000000000000208e      0x2ac Drivers/STM32F1xx_HAL_Driver/Src/stm32f1xx_hal_rcc.o
 .debug_abbrev  0x000000000000233a      0x1c9 Drivers/STM32F1xx_HAL_Driver/Src/stm32f1xx_hal_rcc_ex.o
 .debug_abbrev  0x0000000000002503      0x238 Drivers/STM32F1xx_HAL_Driver/Src/stm32f1xx_hal_spi.o
 .debug_abbrev  0x000000000000273b      0x22b Drivers/STM32F1xx_HAL_Driver/Src/stm32f1xx_ll_usb.o
 .debug_abbrev  0x0000000000002966       0xdc Drivers/TFT-ST7735/fonts.o
 .debug_abbrev  0x0000000000002a42      0x34e Drivers/TFT-ST7735/st7735.o
 .debug_abbrev  0x0000000000002d90      0x22b Drivers/hal_ardu.o
 .debug_abbrev  0x0000000000002fbb      0x303 Middlewares/ST/STM32_USB_Device_Library/Class/CDC/Src/usbd_cdc.o
 .debug_abbrev  0x00000000000032be      0x292 Middlewares/ST/STM32_USB_Device_Library/Core/Src/usbd_core.o
 .debug_abbrev  0x0000000000003550      0x35b Middlewares/ST/STM32_USB_Device_Library/Core/Src/usbd_ctlreq.o
 .debug_abbrev  0x00000000000038ab      0x1fb Middlewares/ST/STM32_USB_Device_Library/Core/Src/usbd_ioreq.o
 .debug_abbrev  0x0000000000003aa6      0x202 USB_DEVICE/App/usb_device.o
 .debug_abbrev  0x0000000000003ca8      0x2af USB_DEVICE/App/usbd_cdc_if.o
 .debug_abbrev  0x0000000000003f57      0x2c1 USB_DEVICE/App/usbd_desc.o
 .debug_abbrev  0x0000000000004218      0x30d USB_DEVICE/Target/usbd_conf.o

.debug_loc      0x0000000000000000     0xb3ad
 .debug_loc     0x0000000000000000       0xe0 Core/Src/Scanner.o
 .debug_loc     0x00000000000000e0       0x2a Core/Src/main.o
 .debug_loc     0x000000000000010a       0xca Core/Src/stm32f1xx_hal_msp.o
 .debug_loc     0x00000000000001d4       0xf4 Core/Src/system_stm32f1xx.o
 .debug_loc     0x00000000000002c8     0x1eb9 Drivers/RF24/RF24.o
 .debug_loc     0x0000000000002181       0x1e Drivers/RF24/utility/STM32HAL/spi.o
 .debug_loc     0x000000000000219f      0x11b Drivers/STM32F1xx_HAL_Driver/Src/stm32f1xx_hal.o
 .debug_loc     0x00000000000022ba      0x501 Drivers/STM32F1xx_HAL_Driver/Src/stm32f1xx_hal_cortex.o
 .debug_loc     0x00000000000027bb      0x367 Drivers/STM32F1xx_HAL_Driver/Src/stm32f1xx_hal_gpio.o
 .debug_loc     0x0000000000002b22     0x1108 Drivers/STM32F1xx_HAL_Driver/Src/stm32f1xx_hal_pcd.o
 .debug_loc     0x0000000000003c2a       0xdc Drivers/STM32F1xx_HAL_Driver/Src/stm32f1xx_hal_pcd_ex.o
 .debug_loc     0x0000000000003d06      0x542 Drivers/STM32F1xx_HAL_Driver/Src/stm32f1xx_hal_rcc.o
 .debug_loc     0x0000000000004248      0x2f9 Drivers/STM32F1xx_HAL_Driver/Src/stm32f1xx_hal_rcc_ex.o
 .debug_loc     0x0000000000004541     0x1a55 Drivers/STM32F1xx_HAL_Driver/Src/stm32f1xx_hal_spi.o
 .debug_loc     0x0000000000005f96     0x1a28 Drivers/STM32F1xx_HAL_Driver/Src/stm32f1xx_ll_usb.o
 .debug_loc     0x00000000000079be      0x79c Drivers/TFT-ST7735/st7735.o
 .debug_loc     0x000000000000815a       0xcf Drivers/hal_ardu.o
 .debug_loc     0x0000000000008229      0x77e Middlewares/ST/STM32_USB_Device_Library/Class/CDC/Src/usbd_cdc.o
 .debug_loc     0x00000000000089a7      0x6e2 Middlewares/ST/STM32_USB_Device_Library/Core/Src/usbd_core.o
 .debug_loc     0x0000000000009089     0x132e Middlewares/ST/STM32_USB_Device_Library/Core/Src/usbd_ctlreq.o
 .debug_loc     0x000000000000a3b7      0x23c Middlewares/ST/STM32_USB_Device_Library/Core/Src/usbd_ioreq.o
 .debug_loc     0x000000000000a5f3      0x113 USB_DEVICE/App/usbd_cdc_if.o
 .debug_loc     0x000000000000a706      0x303 USB_DEVICE/App/usbd_desc.o
 .debug_loc     0x000000000000aa09      0x9a4 USB_DEVICE/Target/usbd_conf.o

.debug_aranges  0x0000000000000000      0xf20
 .debug_aranges
                0x0000000000000000       0x38 Core/Src/Scanner.o
 .debug_aranges
                0x0000000000000038       0x30 Core/Src/main.o
 .debug_aranges
                0x0000000000000068       0x30 Core/Src/stm32f1xx_hal_msp.o
 .debug_aranges
                0x0000000000000098       0x68 Core/Src/stm32f1xx_it.o
 .debug_aranges
                0x0000000000000100       0x28 Core/Src/system_stm32f1xx.o
 .debug_aranges
                0x0000000000000128       0x28 Core/Startup/startup_stm32f103c8tx.o
 .debug_aranges
                0x0000000000000150      0x240 Drivers/RF24/RF24.o
 .debug_aranges
                0x0000000000000390       0x68 Drivers/RF24/utility/STM32HAL/spi.o
 .debug_aranges
                0x00000000000003f8       0xe0 Drivers/STM32F1xx_HAL_Driver/Src/stm32f1xx_hal.o
 .debug_aranges
                0x00000000000004d8       0x90 Drivers/STM32F1xx_HAL_Driver/Src/stm32f1xx_hal_cortex.o
 .debug_aranges
                0x0000000000000568       0x58 Drivers/STM32F1xx_HAL_Driver/Src/stm32f1xx_hal_gpio.o
 .debug_aranges
                0x00000000000005c0      0x120 Drivers/STM32F1xx_HAL_Driver/Src/stm32f1xx_hal_pcd.o
 .debug_aranges
                0x00000000000006e0       0x38 Drivers/STM32F1xx_HAL_Driver/Src/stm32f1xx_hal_pcd_ex.o
 .debug_aranges
                0x0000000000000718       0x88 Drivers/STM32F1xx_HAL_Driver/Src/stm32f1xx_hal_rcc.o
 .debug_aranges
                0x00000000000007a0       0x30 Drivers/STM32F1xx_HAL_Driver/Src/stm32f1xx_hal_rcc_ex.o
 .debug_aranges
                0x00000000000007d0      0x1d0 Drivers/STM32F1xx_HAL_Driver/Src/stm32f1xx_hal_spi.o
 .debug_aranges
                0x00000000000009a0       0xf0 Drivers/STM32F1xx_HAL_Driver/Src/stm32f1xx_ll_usb.o
 .debug_aranges
                0x0000000000000a90       0x18 Drivers/TFT-ST7735/fonts.o
 .debug_aranges
                0x0000000000000aa8       0x98 Drivers/TFT-ST7735/st7735.o
 .debug_aranges
                0x0000000000000b40       0x30 Drivers/hal_ardu.o
 .debug_aranges
                0x0000000000000b70       0x90 Middlewares/ST/STM32_USB_Device_Library/Class/CDC/Src/usbd_cdc.o
 .debug_aranges
                0x0000000000000c00       0xb8 Middlewares/ST/STM32_USB_Device_Library/Core/Src/usbd_core.o
 .debug_aranges
                0x0000000000000cb8       0x48 Middlewares/ST/STM32_USB_Device_Library/Core/Src/usbd_ctlreq.o
 .debug_aranges
                0x0000000000000d00       0x50 Middlewares/ST/STM32_USB_Device_Library/Core/Src/usbd_ioreq.o
 .debug_aranges
                0x0000000000000d50       0x20 USB_DEVICE/App/usb_device.o
 .debug_aranges
                0x0000000000000d70       0x40 USB_DEVICE/App/usbd_cdc_if.o
 .debug_aranges
                0x0000000000000db0       0x58 USB_DEVICE/App/usbd_desc.o
 .debug_aranges
                0x0000000000000e08      0x118 USB_DEVICE/Target/usbd_conf.o

.debug_ranges   0x0000000000000000     0x1280
 .debug_ranges  0x0000000000000000       0x40 Core/Src/Scanner.o
 .debug_ranges  0x0000000000000040       0x50 Core/Src/main.o
 .debug_ranges  0x0000000000000090       0x20 Core/Src/stm32f1xx_hal_msp.o
 .debug_ranges  0x00000000000000b0       0x58 Core/Src/stm32f1xx_it.o
 .debug_ranges  0x0000000000000108       0x18 Core/Src/system_stm32f1xx.o
 .debug_ranges  0x0000000000000120       0x20 Core/Startup/startup_stm32f103c8tx.o
 .debug_ranges  0x0000000000000140      0x2a8 Drivers/RF24/RF24.o
 .debug_ranges  0x00000000000003e8       0x58 Drivers/RF24/utility/STM32HAL/spi.o
 .debug_ranges  0x0000000000000440       0xd0 Drivers/STM32F1xx_HAL_Driver/Src/stm32f1xx_hal.o
 .debug_ranges  0x0000000000000510       0xb0 Drivers/STM32F1xx_HAL_Driver/Src/stm32f1xx_hal_cortex.o
 .debug_ranges  0x00000000000005c0       0x48 Drivers/STM32F1xx_HAL_Driver/Src/stm32f1xx_hal_gpio.o
 .debug_ranges  0x0000000000000608      0x278 Drivers/STM32F1xx_HAL_Driver/Src/stm32f1xx_hal_pcd.o
 .debug_ranges  0x0000000000000880       0x28 Drivers/STM32F1xx_HAL_Driver/Src/stm32f1xx_hal_pcd_ex.o
 .debug_ranges  0x00000000000008a8       0x98 Drivers/STM32F1xx_HAL_Driver/Src/stm32f1xx_hal_rcc.o
 .debug_ranges  0x0000000000000940       0x38 Drivers/STM32F1xx_HAL_Driver/Src/stm32f1xx_hal_rcc_ex.o
 .debug_ranges  0x0000000000000978      0x1c0 Drivers/STM32F1xx_HAL_Driver/Src/stm32f1xx_hal_spi.o
 .debug_ranges  0x0000000000000b38      0x2f8 Drivers/STM32F1xx_HAL_Driver/Src/stm32f1xx_ll_usb.o
 .debug_ranges  0x0000000000000e30       0xe8 Drivers/TFT-ST7735/st7735.o
 .debug_ranges  0x0000000000000f18       0x20 Drivers/hal_ardu.o
 .debug_ranges  0x0000000000000f38       0x80 Middlewares/ST/STM32_USB_Device_Library/Class/CDC/Src/usbd_cdc.o
 .debug_ranges  0x0000000000000fb8       0xa8 Middlewares/ST/STM32_USB_Device_Library/Core/Src/usbd_core.o
 .debug_ranges  0x0000000000001060       0x38 Middlewares/ST/STM32_USB_Device_Library/Core/Src/usbd_ctlreq.o
 .debug_ranges  0x0000000000001098       0x40 Middlewares/ST/STM32_USB_Device_Library/Core/Src/usbd_ioreq.o
 .debug_ranges  0x00000000000010d8       0x10 USB_DEVICE/App/usb_device.o
 .debug_ranges  0x00000000000010e8       0x30 USB_DEVICE/App/usbd_cdc_if.o
 .debug_ranges  0x0000000000001118       0x60 USB_DEVICE/App/usbd_desc.o
 .debug_ranges  0x0000000000001178      0x108 USB_DEVICE/Target/usbd_conf.o

.debug_macro    0x0000000000000000    0x1d8d2
 .debug_macro   0x0000000000000000      0x4d1 Core/Src/Scanner.o
 .debug_macro   0x00000000000004d1      0xb32 Core/Src/Scanner.o
 .debug_macro   0x0000000000001003       0x1c Core/Src/Scanner.o
 .debug_macro   0x000000000000101f       0x22 Core/Src/Scanner.o
 .debug_macro   0x0000000000001041       0x8e Core/Src/Scanner.o
 .debug_macro   0x00000000000010cf       0x51 Core/Src/Scanner.o
 .debug_macro   0x0000000000001120       0xef Core/Src/Scanner.o
 .debug_macro   0x000000000000120f       0x6a Core/Src/Scanner.o
 .debug_macro   0x0000000000001279      0x1df Core/Src/Scanner.o
 .debug_macro   0x0000000000001458       0x46 Core/Src/Scanner.o
 .debug_macro   0x000000000000149e       0x18 Core/Src/Scanner.o
 .debug_macro   0x00000000000014b6       0x3c Core/Src/Scanner.o
 .debug_macro   0x00000000000014f2       0x34 Core/Src/Scanner.o
 .debug_macro   0x0000000000001526       0x16 Core/Src/Scanner.o
 .debug_macro   0x000000000000153c       0x97 Core/Src/Scanner.o
 .debug_macro   0x00000000000015d3      0x353 Core/Src/Scanner.o
 .debug_macro   0x0000000000001926      0x104 Core/Src/Scanner.o
 .debug_macro   0x0000000000001a2a       0x10 Core/Src/Scanner.o
 .debug_macro   0x0000000000001a3a       0x52 Core/Src/Scanner.o
 .debug_macro   0x0000000000001a8c       0x1f Core/Src/Scanner.o
 .debug_macro   0x0000000000001aab       0x43 Core/Src/Scanner.o
 .debug_macro   0x0000000000001aee       0x20 Core/Src/Scanner.o
 .debug_macro   0x0000000000001b0e      0x1a3 Core/Src/Scanner.o
 .debug_macro   0x0000000000001cb1       0x10 Core/Src/Scanner.o
 .debug_macro   0x0000000000001cc1       0x1c Core/Src/Scanner.o
 .debug_macro   0x0000000000001cdd       0x52 Core/Src/Scanner.o
 .debug_macro   0x0000000000001d2f       0x40 Core/Src/Scanner.o
 .debug_macro   0x0000000000001d6f       0x10 Core/Src/Scanner.o
 .debug_macro   0x0000000000001d7f       0x40 Core/Src/Scanner.o
 .debug_macro   0x0000000000001dbf       0xd7 Core/Src/Scanner.o
 .debug_macro   0x0000000000001e96       0x1c Core/Src/Scanner.o
 .debug_macro   0x0000000000001eb2       0x3d Core/Src/Scanner.o
 .debug_macro   0x0000000000001eef       0x16 Core/Src/Scanner.o
 .debug_macro   0x0000000000001f05      0x137 Core/Src/Scanner.o
 .debug_macro   0x000000000000203c       0x10 Core/Src/Scanner.o
 .debug_macro   0x000000000000204c       0x16 Core/Src/Scanner.o
 .debug_macro   0x0000000000002062       0x35 Core/Src/Scanner.o
 .debug_macro   0x0000000000002097       0x10 Core/Src/Scanner.o
 .debug_macro   0x00000000000020a7       0x10 Core/Src/Scanner.o
 .debug_macro   0x00000000000020b7       0x35 Core/Src/Scanner.o
 .debug_macro   0x00000000000020ec       0x16 Core/Src/Scanner.o
 .debug_macro   0x0000000000002102       0x20 Core/Src/Scanner.o
 .debug_macro   0x0000000000002122      0x21b Core/Src/Scanner.o
 .debug_macro   0x000000000000233d       0x2e Core/Src/Scanner.o
 .debug_macro   0x000000000000236b       0x22 Core/Src/Scanner.o
 .debug_macro   0x000000000000238d       0x1c Core/Src/Scanner.o
 .debug_macro   0x00000000000023a9       0x22 Core/Src/Scanner.o
 .debug_macro   0x00000000000023cb       0xbd Core/Src/Scanner.o
 .debug_macro   0x0000000000002488      0xd23 Core/Src/Scanner.o
 .debug_macro   0x00000000000031ab     0xe097 Core/Src/Scanner.o
 .debug_macro   0x0000000000011242       0x43 Core/Src/Scanner.o
 .debug_macro   0x0000000000011285     0x3468 Core/Src/Scanner.o
 .debug_macro   0x00000000000146ed       0x56 Core/Src/Scanner.o
 .debug_macro   0x0000000000014743      0x5be Core/Src/Scanner.o
 .debug_macro   0x0000000000014d01      0x289 Core/Src/Scanner.o
 .debug_macro   0x0000000000014f8a      0x1cb Core/Src/Scanner.o
 .debug_macro   0x0000000000015155      0x114 Core/Src/Scanner.o
 .debug_macro   0x0000000000015269      0x1b2 Core/Src/Scanner.o
 .debug_macro   0x000000000001541b       0x27 Core/Src/Scanner.o
 .debug_macro   0x0000000000015442      0x136 Core/Src/Scanner.o
 .debug_macro   0x0000000000015578      0x1bc Core/Src/Scanner.o
 .debug_macro   0x0000000000015734       0x34 Core/Src/Scanner.o
 .debug_macro   0x0000000000015768       0x3c Core/Src/Scanner.o
 .debug_macro   0x00000000000157a4       0x57 Core/Src/Scanner.o
 .debug_macro   0x00000000000157fb       0x88 Core/Src/Scanner.o
 .debug_macro   0x0000000000015883      0x241 Core/Src/Scanner.o
 .debug_macro   0x0000000000015ac4      0x141 Core/Src/Scanner.o
 .debug_macro   0x0000000000015c05      0x217 Core/Src/Scanner.o
 .debug_macro   0x0000000000015e1c       0x65 Core/Src/Scanner.o
 .debug_macro   0x0000000000015e81      0x249 Core/Src/Scanner.o
 .debug_macro   0x00000000000160ca       0x83 Core/Src/Scanner.o
 .debug_macro   0x000000000001614d       0x40 Core/Src/Scanner.o
 .debug_macro   0x000000000001618d       0x16 Core/Src/Scanner.o
 .debug_macro   0x00000000000161a3       0x1c Core/Src/Scanner.o
 .debug_macro   0x00000000000161bf       0x5e Core/Src/Scanner.o
 .debug_macro   0x000000000001621d      0x19a Core/Src/Scanner.o
 .debug_macro   0x00000000000163b7      0x226 Core/Src/Scanner.o
 .debug_macro   0x00000000000165dd       0x16 Core/Src/Scanner.o
 .debug_macro   0x00000000000165f3       0x16 Core/Src/Scanner.o
 .debug_macro   0x0000000000016609      0x168 Core/Src/Scanner.o
 .debug_macro   0x0000000000016771       0x10 Core/Src/Scanner.o
 .debug_macro   0x0000000000016781      0x3f4 Core/Src/Scanner.o
 .debug_macro   0x0000000000016b75       0x10 Core/Src/Scanner.o
 .debug_macro   0x0000000000016b85       0x16 Core/Src/Scanner.o
 .debug_macro   0x0000000000016b9b       0x16 Core/Src/Scanner.o
 .debug_macro   0x0000000000016bb1       0x29 Core/Src/Scanner.o
 .debug_macro   0x0000000000016bda       0x1c Core/Src/Scanner.o
 .debug_macro   0x0000000000016bf6       0xde Core/Src/Scanner.o
 .debug_macro   0x0000000000016cd4       0x60 Core/Src/Scanner.o
 .debug_macro   0x0000000000016d34      0x1c8 Core/Src/Scanner.o
 .debug_macro   0x0000000000016efc       0x8f Core/Src/Scanner.o
 .debug_macro   0x0000000000016f8b       0x10 Core/Src/Scanner.o
 .debug_macro   0x0000000000016f9b      0x3ba Core/Src/main.o
 .debug_macro   0x0000000000017355      0xa5a Core/Src/main.o
 .debug_macro   0x0000000000017daf       0xc3 Core/Src/main.o
 .debug_macro   0x0000000000017e72      0xd23 Core/Src/main.o
 .debug_macro   0x0000000000018b95      0x174 Core/Src/main.o
 .debug_macro   0x0000000000018d09       0x5c Core/Src/main.o
 .debug_macro   0x0000000000018d65       0x22 Core/Src/main.o
 .debug_macro   0x0000000000018d87       0x34 Core/Src/main.o
 .debug_macro   0x0000000000018dbb       0x35 Core/Src/main.o
 .debug_macro   0x0000000000018df0      0x32a Core/Src/main.o
 .debug_macro   0x000000000001911a       0x43 Core/Src/main.o
 .debug_macro   0x000000000001915d      0x145 Core/Src/main.o
 .debug_macro   0x00000000000192a2      0x1ce Core/Src/stm32f1xx_hal_msp.o
 .debug_macro   0x0000000000019470      0x1d8 Core/Src/stm32f1xx_it.o
 .debug_macro   0x0000000000019648      0x1c5 Core/Src/system_stm32f1xx.o
 .debug_macro   0x000000000001980d      0x3d0 Drivers/RF24/RF24.o
 .debug_macro   0x0000000000019bdd      0x3ab Drivers/RF24/utility/STM32HAL/spi.o
 .debug_macro   0x0000000000019f88      0x1e9 Drivers/STM32F1xx_HAL_Driver/Src/stm32f1xx_hal.o
 .debug_macro   0x000000000001a171      0x1c5 Drivers/STM32F1xx_HAL_Driver/Src/stm32f1xx_hal_cortex.o
 .debug_macro   0x000000000001a336      0x230 Drivers/STM32F1xx_HAL_Driver/Src/stm32f1xx_hal_gpio.o
 .debug_macro   0x000000000001a566      0x1d1 Drivers/STM32F1xx_HAL_Driver/Src/stm32f1xx_hal_pcd.o
 .debug_macro   0x000000000001a737      0x1c5 Drivers/STM32F1xx_HAL_Driver/Src/stm32f1xx_hal_pcd_ex.o
 .debug_macro   0x000000000001a8fc      0x1d7 Drivers/STM32F1xx_HAL_Driver/Src/stm32f1xx_hal_rcc.o
 .debug_macro   0x000000000001aad3      0x1c5 Drivers/STM32F1xx_HAL_Driver/Src/stm32f1xx_hal_rcc_ex.o
 .debug_macro   0x000000000001ac98      0x1cc Drivers/STM32F1xx_HAL_Driver/Src/stm32f1xx_hal_spi.o
 .debug_macro   0x000000000001ae64      0x1c5 Drivers/STM32F1xx_HAL_Driver/Src/stm32f1xx_ll_usb.o
 .debug_macro   0x000000000001b029      0x1cf Drivers/TFT-ST7735/fonts.o
 .debug_macro   0x000000000001b1f8      0x1ed Drivers/TFT-ST7735/st7735.o
 .debug_macro   0x000000000001b3e5      0x3ab Drivers/hal_ardu.o
 .debug_macro   0x000000000001b790      0x3e1 Middlewares/ST/STM32_USB_Device_Library/Class/CDC/Src/usbd_cdc.o
 .debug_macro   0x000000000001bb71      0x3c8 Middlewares/ST/STM32_USB_Device_Library/Core/Src/usbd_core.o
 .debug_macro   0x000000000001bf39      0x1ce Middlewares/ST/STM32_USB_Device_Library/Core/Src/usbd_core.o
 .debug_macro   0x000000000001c107      0x3d2 Middlewares/ST/STM32_USB_Device_Library/Core/Src/usbd_ctlreq.o
 .debug_macro   0x000000000001c4d9      0x3ce Middlewares/ST/STM32_USB_Device_Library/Core/Src/usbd_ioreq.o
 .debug_macro   0x000000000001c8a7      0x401 USB_DEVICE/App/usb_device.o
 .debug_macro   0x000000000001cca8       0x22 USB_DEVICE/App/usb_device.o
 .debug_macro   0x000000000001ccca       0x16 USB_DEVICE/App/usb_device.o
 .debug_macro   0x000000000001cce0      0x3ec USB_DEVICE/App/usbd_cdc_if.o
 .debug_macro   0x000000000001d0cc      0x405 USB_DEVICE/App/usbd_desc.o
 .debug_macro   0x000000000001d4d1       0x1c USB_DEVICE/App/usbd_desc.o
 .debug_macro   0x000000000001d4ed      0x3e5 USB_DEVICE/Target/usbd_conf.o

.debug_line     0x0000000000000000    0x114c4
 .debug_line    0x0000000000000000      0xecd Core/Src/Scanner.o
 .debug_line    0x0000000000000ecd      0xa03 Core/Src/main.o
 .debug_line    0x00000000000018d0      0x715 Core/Src/stm32f1xx_hal_msp.o
 .debug_line    0x0000000000001fe5      0x767 Core/Src/stm32f1xx_it.o