spi.cpp:45:1:SPI::~SPI()	0	static
spi.cpp:45:1:virtual SPI::~SPI()	8	static
spi.cpp:5:1:SPI::SPI()	0	static
spi.cpp:9:6:static void SPI::begin()	0	static
spi.cpp:17:6:static void SPI::beginTransaction(SPISettings)	8	static
spi.cpp:24:6:static void SPI::endTransaction()	0	static
spi.cpp:28:6:static void SPI::setBitOrder(uint8_t)	0	static
spi.cpp:32:6:static void SPI::setDataMode(uint8_t)	0	static
spi.cpp:36:6:static void SPI::setClockDivider(uint16_t)	0	static
spi.cpp:40:6:static void SPI::chipSelect(int)	0	static
