st7735.c:90:13:ST7735_Select	8	static
st7735.c:104:13:ST7735_WriteCommand	16	static
st7735.c:112:13:ST7735_WriteData	16	static
st7735.c:120:13:ST7735_ExecuteCommandList	24	static
st7735.c:146:13:ST7735_SetAddressWindow	32	static
st7735.c:94:6:ST7735_Unselect	8	static
st7735.c:162:6:ST7735_Init	8	static
st7735.c:171:6:ST7735_DrawPixel	24	static
st7735.c:219:6:ST7735_WriteString	72	static
st7735.c:244:6:ST7735_FillRectangle	40	static
st7735.c:264:6:ST7735_Line	16	static
st7735.c:271:6:ST7735_FillScreen	16	static
st7735.c:276:6:ST7735_setColor	0	static
st7735.c:281:6:ST7735_print	24	static
st7735.c:286:6:ST7735_DrawImage	24	static
st7735.c:297:6:ST7735_InvertColors	8	static
